{"context":"HTTP","level":"info","message":"📥 POST /api/auth/register - User: anonymous - IP: ::1","timestamp":"2025-11-26 19:56:27"}
{"context":"HTTP","level":"error","message":"❌ POST /api/auth/register 409 - 131ms - User: anonymous","stack":[null],"timestamp":"2025-11-26 19:56:27"}
{"context":"ExceptionFilter","level":"warn","message":"⚠️ CLIENT ERROR - POST /api/auth/register - Status: 409 - User: anonymous - Message: این ایمیل قبلا ثبت شده است","timestamp":"2025-11-26 19:56:27"}
{"context":"NestFactory","level":"info","message":"Starting Nest application...","timestamp":"2025-11-26 23:07:35"}
{"context":"InstanceLoader","level":"info","message":"TypeOrmModule dependencies initialized","timestamp":"2025-11-26 23:07:35"}
{"context":"InstanceLoader","level":"info","message":"ConfigHostModule dependencies initialized","timestamp":"2025-11-26 23:07:35"}
{"context":"InstanceLoader","level":"info","message":"WinstonModule dependencies initialized","timestamp":"2025-11-26 23:07:35"}
{"context":"InstanceLoader","level":"info","message":"ThrottlerModule dependencies initialized","timestamp":"2025-11-26 23:07:35"}
{"context":"InstanceLoader","level":"info","message":"ConfigModule dependencies initialized","timestamp":"2025-11-26 23:07:35"}
{"context":"InstanceLoader","level":"info","message":"ConfigModule dependencies initialized","timestamp":"2025-11-26 23:07:35"}
{"context":"InstanceLoader","level":"info","message":"TerminusModule dependencies initialized","timestamp":"2025-11-26 23:07:35"}
{"context":"InstanceLoader","level":"info","message":"HealthModule dependencies initialized","timestamp":"2025-11-26 23:07:35"}
{"context":"InstanceLoader","level":"info","message":"AppModule dependencies initialized","timestamp":"2025-11-26 23:07:35"}
{"context":"InstanceLoader","level":"info","message":"TypeOrmCoreModule dependencies initialized","timestamp":"2025-11-26 23:07:35"}
{"context":"InstanceLoader","level":"info","message":"TypeOrmModule dependencies initialized","timestamp":"2025-11-26 23:07:35"}
{"context":"InstanceLoader","level":"info","message":"TypeOrmModule dependencies initialized","timestamp":"2025-11-26 23:07:35"}
{"context":"InstanceLoader","level":"info","message":"TypeOrmModule dependencies initialized","timestamp":"2025-11-26 23:07:35"}
{"context":"InstanceLoader","level":"info","message":"TypeOrmModule dependencies initialized","timestamp":"2025-11-26 23:07:35"}
{"context":"InstanceLoader","level":"info","message":"TypeOrmModule dependencies initialized","timestamp":"2025-11-26 23:07:35"}
{"context":"InstanceLoader","level":"info","message":"TypeOrmModule dependencies initialized","timestamp":"2025-11-26 23:07:35"}
{"context":"InstanceLoader","level":"info","message":"UserModule dependencies initialized","timestamp":"2025-11-26 23:07:35"}
{"context":"InstanceLoader","level":"info","message":"AuthModule dependencies initialized","timestamp":"2025-11-26 23:07:35"}
{"context":"InstanceLoader","level":"info","message":"PlantsModule dependencies initialized","timestamp":"2025-11-26 23:07:35"}
{"context":"InstanceLoader","level":"info","message":"SensorReadingsModule dependencies initialized","timestamp":"2025-11-26 23:07:35"}
{"context":"InstanceLoader","level":"info","message":"UserActionsModule dependencies initialized","timestamp":"2025-11-26 23:07:35"}
{"context":"InstanceLoader","level":"info","message":"AdviceModule dependencies initialized","timestamp":"2025-11-26 23:07:35"}
{"context":"RoutesResolver","level":"info","message":"AppController {/api}:","timestamp":"2025-11-26 23:07:35"}
{"context":"RouterExplorer","level":"info","message":"Mapped {/api, GET} route","timestamp":"2025-11-26 23:07:35"}
{"context":"RoutesResolver","level":"info","message":"AuthController {/api/auth}:","timestamp":"2025-11-26 23:07:35"}
{"context":"RouterExplorer","level":"info","message":"Mapped {/api/auth/register, POST} route","timestamp":"2025-11-26 23:07:35"}
{"context":"RouterExplorer","level":"info","message":"Mapped {/api/auth/login, POST} route","timestamp":"2025-11-26 23:07:35"}
{"context":"RouterExplorer","level":"info","message":"Mapped {/api/auth/forget-password, POST} route","timestamp":"2025-11-26 23:07:35"}
{"context":"RouterExplorer","level":"info","message":"Mapped {/api/auth/check-otp, POST} route","timestamp":"2025-11-26 23:07:35"}
{"context":"RoutesResolver","level":"info","message":"UserController {/api/user}:","timestamp":"2025-11-26 23:07:35"}
{"context":"RouterExplorer","level":"info","message":"Mapped {/api/user, POST} route","timestamp":"2025-11-26 23:07:35"}
{"context":"RouterExplorer","level":"info","message":"Mapped {/api/user, GET} route","timestamp":"2025-11-26 23:07:35"}
{"context":"RouterExplorer","level":"info","message":"Mapped {/api/user/:id, GET} route","timestamp":"2025-11-26 23:07:35"}
{"context":"RouterExplorer","level":"info","message":"Mapped {/api/user/:id, PATCH} route","timestamp":"2025-11-26 23:07:35"}
{"context":"RouterExplorer","level":"info","message":"Mapped {/api/user/:id, DELETE} route","timestamp":"2025-11-26 23:07:35"}
{"context":"RoutesResolver","level":"info","message":"PlantsController {/api/plants}:","timestamp":"2025-11-26 23:07:35"}
{"context":"RouterExplorer","level":"info","message":"Mapped {/api/plants, POST} route","timestamp":"2025-11-26 23:07:35"}
{"context":"RouterExplorer","level":"info","message":"Mapped {/api/plants, GET} route","timestamp":"2025-11-26 23:07:35"}
{"context":"RouterExplorer","level":"info","message":"Mapped {/api/plants/:id, GET} route","timestamp":"2025-11-26 23:07:35"}
{"context":"RouterExplorer","level":"info","message":"Mapped {/api/plants/:id/statistics, GET} route","timestamp":"2025-11-26 23:07:35"}
{"context":"RouterExplorer","level":"info","message":"Mapped {/api/plants/:id, PUT} route","timestamp":"2025-11-26 23:07:35"}
{"context":"RouterExplorer","level":"info","message":"Mapped {/api/plants/:id, DELETE} route","timestamp":"2025-11-26 23:07:35"}
{"context":"RoutesResolver","level":"info","message":"SensorReadingsController {/api/sensor-readings}:","timestamp":"2025-11-26 23:07:35"}
{"context":"RouterExplorer","level":"info","message":"Mapped {/api/sensor-readings, POST} route","timestamp":"2025-11-26 23:07:35"}
{"context":"RouterExplorer","level":"info","message":"Mapped {/api/sensor-readings/plant/:plantId, GET} route","timestamp":"2025-11-26 23:07:35"}
{"context":"RouterExplorer","level":"info","message":"Mapped {/api/sensor-readings/plant/:plantId/latest, GET} route","timestamp":"2025-11-26 23:07:35"}
{"context":"RouterExplorer","level":"info","message":"Mapped {/api/sensor-readings/plant/:plantId/daily, GET} route","timestamp":"2025-11-26 23:07:35"}
{"context":"RoutesResolver","level":"info","message":"AdviceController {/api/advice}:","timestamp":"2025-11-26 23:07:35"}
{"context":"RouterExplorer","level":"info","message":"Mapped {/api/advice/plant/:plantId, GET} route","timestamp":"2025-11-26 23:07:35"}
{"context":"RoutesResolver","level":"info","message":"UserActionsController {/api/user-actions}:","timestamp":"2025-11-26 23:07:35"}
{"context":"RouterExplorer","level":"info","message":"Mapped {/api/user-actions/plant/:plantId, POST} route","timestamp":"2025-11-26 23:07:35"}
{"context":"RouterExplorer","level":"info","message":"Mapped {/api/user-actions/plant/:plantId, GET} route","timestamp":"2025-11-26 23:07:35"}
{"context":"RouterExplorer","level":"info","message":"Mapped {/api/user-actions/plant/:plantId/recent, GET} route","timestamp":"2025-11-26 23:07:35"}
{"context":"RouterExplorer","level":"info","message":"Mapped {/api/user-actions/plant/:plantId/type/:actionType, GET} route","timestamp":"2025-11-26 23:07:35"}
{"context":"RoutesResolver","level":"info","message":"HealthController {/api/health}:","timestamp":"2025-11-26 23:07:35"}
{"context":"RouterExplorer","level":"info","message":"Mapped {/api/health, GET} route","timestamp":"2025-11-26 23:07:35"}
{"context":"NestApplication","level":"info","message":"Nest application successfully started","timestamp":"2025-11-26 23:07:35"}
{"context":"NestFactory","level":"info","message":"Starting Nest application...","timestamp":"2025-12-05 20:17:42"}
{"context":"InstanceLoader","level":"info","message":"TypeOrmModule dependencies initialized","timestamp":"2025-12-05 20:17:42"}
{"context":"InstanceLoader","level":"info","message":"ConfigHostModule dependencies initialized","timestamp":"2025-12-05 20:17:42"}
{"context":"InstanceLoader","level":"info","message":"WinstonModule dependencies initialized","timestamp":"2025-12-05 20:17:42"}
{"context":"InstanceLoader","level":"info","message":"ThrottlerModule dependencies initialized","timestamp":"2025-12-05 20:17:42"}
{"context":"InstanceLoader","level":"info","message":"ConfigModule dependencies initialized","timestamp":"2025-12-05 20:17:42"}
{"context":"InstanceLoader","level":"info","message":"ConfigModule dependencies initialized","timestamp":"2025-12-05 20:17:42"}
{"context":"InstanceLoader","level":"info","message":"TerminusModule dependencies initialized","timestamp":"2025-12-05 20:17:42"}
{"context":"InstanceLoader","level":"info","message":"HealthModule dependencies initialized","timestamp":"2025-12-05 20:17:42"}
{"context":"InstanceLoader","level":"info","message":"AppModule dependencies initialized","timestamp":"2025-12-05 20:17:42"}
{"context":"InstanceLoader","level":"info","message":"TypeOrmCoreModule dependencies initialized","timestamp":"2025-12-05 20:17:42"}
{"context":"InstanceLoader","level":"info","message":"TypeOrmModule dependencies initialized","timestamp":"2025-12-05 20:17:42"}
{"context":"InstanceLoader","level":"info","message":"TypeOrmModule dependencies initialized","timestamp":"2025-12-05 20:17:42"}
{"context":"InstanceLoader","level":"info","message":"TypeOrmModule dependencies initialized","timestamp":"2025-12-05 20:17:42"}
{"context":"InstanceLoader","level":"info","message":"TypeOrmModule dependencies initialized","timestamp":"2025-12-05 20:17:42"}
{"context":"InstanceLoader","level":"info","message":"TypeOrmModule dependencies initialized","timestamp":"2025-12-05 20:17:42"}
{"context":"InstanceLoader","level":"info","message":"TypeOrmModule dependencies initialized","timestamp":"2025-12-05 20:17:42"}
{"context":"InstanceLoader","level":"info","message":"UserModule dependencies initialized","timestamp":"2025-12-05 20:17:42"}
{"context":"InstanceLoader","level":"info","message":"AuthModule dependencies initialized","timestamp":"2025-12-05 20:17:42"}
{"context":"InstanceLoader","level":"info","message":"PlantsModule dependencies initialized","timestamp":"2025-12-05 20:17:42"}
{"context":"InstanceLoader","level":"info","message":"SensorReadingsModule dependencies initialized","timestamp":"2025-12-05 20:17:42"}
{"context":"InstanceLoader","level":"info","message":"UserActionsModule dependencies initialized","timestamp":"2025-12-05 20:17:42"}
{"context":"InstanceLoader","level":"info","message":"AdviceModule dependencies initialized","timestamp":"2025-12-05 20:17:42"}
{"context":"RoutesResolver","level":"info","message":"AppController {/api}:","timestamp":"2025-12-05 20:17:42"}
{"context":"RouterExplorer","level":"info","message":"Mapped {/api, GET} route","timestamp":"2025-12-05 20:17:42"}
{"context":"RoutesResolver","level":"info","message":"AuthController {/api/auth}:","timestamp":"2025-12-05 20:17:42"}
{"context":"RouterExplorer","level":"info","message":"Mapped {/api/auth/register, POST} route","timestamp":"2025-12-05 20:17:42"}
{"context":"RouterExplorer","level":"info","message":"Mapped {/api/auth/login, POST} route","timestamp":"2025-12-05 20:17:42"}
{"context":"RouterExplorer","level":"info","message":"Mapped {/api/auth/forget-password, POST} route","timestamp":"2025-12-05 20:17:42"}
{"context":"RouterExplorer","level":"info","message":"Mapped {/api/auth/check-otp, POST} route","timestamp":"2025-12-05 20:17:42"}
{"context":"RoutesResolver","level":"info","message":"UserController {/api/user}:","timestamp":"2025-12-05 20:17:42"}
{"context":"RouterExplorer","level":"info","message":"Mapped {/api/user, POST} route","timestamp":"2025-12-05 20:17:42"}
{"context":"RouterExplorer","level":"info","message":"Mapped {/api/user, GET} route","timestamp":"2025-12-05 20:17:42"}
{"context":"RouterExplorer","level":"info","message":"Mapped {/api/user/:id, GET} route","timestamp":"2025-12-05 20:17:42"}
{"context":"RouterExplorer","level":"info","message":"Mapped {/api/user/:id, PATCH} route","timestamp":"2025-12-05 20:17:42"}
{"context":"RouterExplorer","level":"info","message":"Mapped {/api/user/:id, DELETE} route","timestamp":"2025-12-05 20:17:42"}
{"context":"RoutesResolver","level":"info","message":"PlantsController {/api/plants}:","timestamp":"2025-12-05 20:17:42"}
{"context":"RouterExplorer","level":"info","message":"Mapped {/api/plants, POST} route","timestamp":"2025-12-05 20:17:42"}
{"context":"RouterExplorer","level":"info","message":"Mapped {/api/plants, GET} route","timestamp":"2025-12-05 20:17:42"}
{"context":"RouterExplorer","level":"info","message":"Mapped {/api/plants/:id, GET} route","timestamp":"2025-12-05 20:17:42"}
{"context":"RouterExplorer","level":"info","message":"Mapped {/api/plants/:id/statistics, GET} route","timestamp":"2025-12-05 20:17:42"}
{"context":"RouterExplorer","level":"info","message":"Mapped {/api/plants/:id, PUT} route","timestamp":"2025-12-05 20:17:42"}
{"context":"RouterExplorer","level":"info","message":"Mapped {/api/plants/:id, DELETE} route","timestamp":"2025-12-05 20:17:42"}
{"context":"RoutesResolver","level":"info","message":"SensorReadingsController {/api/sensor-readings}:","timestamp":"2025-12-05 20:17:42"}
{"context":"RouterExplorer","level":"info","message":"Mapped {/api/sensor-readings, POST} route","timestamp":"2025-12-05 20:17:42"}
{"context":"RouterExplorer","level":"info","message":"Mapped {/api/sensor-readings/plant/:plantId, GET} route","timestamp":"2025-12-05 20:17:42"}
{"context":"RouterExplorer","level":"info","message":"Mapped {/api/sensor-readings/plant/:plantId/latest, GET} route","timestamp":"2025-12-05 20:17:42"}
{"context":"RouterExplorer","level":"info","message":"Mapped {/api/sensor-readings/plant/:plantId/daily, GET} route","timestamp":"2025-12-05 20:17:42"}
{"context":"RoutesResolver","level":"info","message":"AdviceController {/api/advice}:","timestamp":"2025-12-05 20:17:42"}
{"context":"RouterExplorer","level":"info","message":"Mapped {/api/advice/plant/:plantId, GET} route","timestamp":"2025-12-05 20:17:42"}
{"context":"RoutesResolver","level":"info","message":"UserActionsController {/api/user-actions}:","timestamp":"2025-12-05 20:17:42"}
{"context":"RouterExplorer","level":"info","message":"Mapped {/api/user-actions/plant/:plantId, POST} route","timestamp":"2025-12-05 20:17:42"}
{"context":"RouterExplorer","level":"info","message":"Mapped {/api/user-actions/plant/:plantId, GET} route","timestamp":"2025-12-05 20:17:42"}
{"context":"RouterExplorer","level":"info","message":"Mapped {/api/user-actions/plant/:plantId/recent, GET} route","timestamp":"2025-12-05 20:17:42"}
{"context":"RouterExplorer","level":"info","message":"Mapped {/api/user-actions/plant/:plantId/type/:actionType, GET} route","timestamp":"2025-12-05 20:17:42"}
{"context":"RoutesResolver","level":"info","message":"HealthController {/api/health}:","timestamp":"2025-12-05 20:17:42"}
{"context":"RouterExplorer","level":"info","message":"Mapped {/api/health, GET} route","timestamp":"2025-12-05 20:17:42"}
{"context":"NestApplication","level":"info","message":"Nest application successfully started","timestamp":"2025-12-05 20:17:42"}
{"context":"NestFactory","level":"info","message":"Starting Nest application...","timestamp":"2025-12-05 21:01:39"}
{"context":"InstanceLoader","level":"info","message":"TypeOrmModule dependencies initialized","timestamp":"2025-12-05 21:01:39"}
{"context":"InstanceLoader","level":"info","message":"ConfigHostModule dependencies initialized","timestamp":"2025-12-05 21:01:39"}
{"context":"InstanceLoader","level":"info","message":"WinstonModule dependencies initialized","timestamp":"2025-12-05 21:01:39"}
{"context":"InstanceLoader","level":"info","message":"ThrottlerModule dependencies initialized","timestamp":"2025-12-05 21:01:39"}
{"context":"InstanceLoader","level":"info","message":"ConfigModule dependencies initialized","timestamp":"2025-12-05 21:01:39"}
{"context":"InstanceLoader","level":"info","message":"ConfigModule dependencies initialized","timestamp":"2025-12-05 21:01:39"}
{"context":"InstanceLoader","level":"info","message":"TerminusModule dependencies initialized","timestamp":"2025-12-05 21:01:39"}
{"context":"InstanceLoader","level":"info","message":"HealthModule dependencies initialized","timestamp":"2025-12-05 21:01:39"}
{"context":"InstanceLoader","level":"info","message":"AppModule dependencies initialized","timestamp":"2025-12-05 21:01:39"}
{"context":"InstanceLoader","level":"info","message":"TypeOrmCoreModule dependencies initialized","timestamp":"2025-12-05 21:01:39"}
{"context":"InstanceLoader","level":"info","message":"TypeOrmModule dependencies initialized","timestamp":"2025-12-05 21:01:39"}
{"context":"InstanceLoader","level":"info","message":"TypeOrmModule dependencies initialized","timestamp":"2025-12-05 21:01:39"}
{"context":"InstanceLoader","level":"info","message":"TypeOrmModule dependencies initialized","timestamp":"2025-12-05 21:01:39"}
{"context":"InstanceLoader","level":"info","message":"TypeOrmModule dependencies initialized","timestamp":"2025-12-05 21:01:39"}
{"context":"InstanceLoader","level":"info","message":"TypeOrmModule dependencies initialized","timestamp":"2025-12-05 21:01:39"}
{"context":"InstanceLoader","level":"info","message":"TypeOrmModule dependencies initialized","timestamp":"2025-12-05 21:01:39"}
{"context":"InstanceLoader","level":"info","message":"UserModule dependencies initialized","timestamp":"2025-12-05 21:01:39"}
{"context":"InstanceLoader","level":"info","message":"AuthModule dependencies initialized","timestamp":"2025-12-05 21:01:39"}
{"context":"InstanceLoader","level":"info","message":"PlantsModule dependencies initialized","timestamp":"2025-12-05 21:01:39"}
{"context":"InstanceLoader","level":"info","message":"SensorReadingsModule dependencies initialized","timestamp":"2025-12-05 21:01:39"}
{"context":"InstanceLoader","level":"info","message":"UserActionsModule dependencies initialized","timestamp":"2025-12-05 21:01:39"}
{"context":"InstanceLoader","level":"info","message":"AdviceModule dependencies initialized","timestamp":"2025-12-05 21:01:39"}
{"context":"RoutesResolver","level":"info","message":"AppController {/}:","timestamp":"2025-12-05 21:01:39"}
{"context":"RouterExplorer","level":"info","message":"Mapped {/, GET} route","timestamp":"2025-12-05 21:01:39"}
{"context":"RoutesResolver","level":"info","message":"AuthController {/auth}:","timestamp":"2025-12-05 21:01:39"}
{"context":"RouterExplorer","level":"info","message":"Mapped {/auth/register, POST} route","timestamp":"2025-12-05 21:01:39"}
{"context":"RouterExplorer","level":"info","message":"Mapped {/auth/login, POST} route","timestamp":"2025-12-05 21:01:39"}
{"context":"RouterExplorer","level":"info","message":"Mapped {/auth/forget-password, POST} route","timestamp":"2025-12-05 21:01:39"}
{"context":"RouterExplorer","level":"info","message":"Mapped {/auth/check-otp, POST} route","timestamp":"2025-12-05 21:01:39"}
{"context":"RoutesResolver","level":"info","message":"UserController {/user}:","timestamp":"2025-12-05 21:01:39"}
{"context":"RouterExplorer","level":"info","message":"Mapped {/user, POST} route","timestamp":"2025-12-05 21:01:39"}
{"context":"RouterExplorer","level":"info","message":"Mapped {/user, GET} route","timestamp":"2025-12-05 21:01:39"}
{"context":"RouterExplorer","level":"info","message":"Mapped {/user/:id, GET} route","timestamp":"2025-12-05 21:01:39"}
{"context":"RouterExplorer","level":"info","message":"Mapped {/user/:id, PATCH} route","timestamp":"2025-12-05 21:01:39"}
{"context":"RouterExplorer","level":"info","message":"Mapped {/user/:id, DELETE} route","timestamp":"2025-12-05 21:01:39"}
{"context":"RoutesResolver","level":"info","message":"PlantsController {/plants}:","timestamp":"2025-12-05 21:01:39"}
{"context":"RouterExplorer","level":"info","message":"Mapped {/plants, POST} route","timestamp":"2025-12-05 21:01:39"}
{"context":"RouterExplorer","level":"info","message":"Mapped {/plants, GET} route","timestamp":"2025-12-05 21:01:39"}
{"context":"RouterExplorer","level":"info","message":"Mapped {/plants/:id, GET} route","timestamp":"2025-12-05 21:01:39"}
{"context":"RouterExplorer","level":"info","message":"Mapped {/plants/:id/statistics, GET} route","timestamp":"2025-12-05 21:01:39"}
{"context":"RouterExplorer","level":"info","message":"Mapped {/plants/:id, PUT} route","timestamp":"2025-12-05 21:01:39"}
{"context":"RouterExplorer","level":"info","message":"Mapped {/plants/:id, DELETE} route","timestamp":"2025-12-05 21:01:39"}
{"context":"RoutesResolver","level":"info","message":"SensorReadingsController {/sensor-readings}:","timestamp":"2025-12-05 21:01:39"}
{"context":"RouterExplorer","level":"info","message":"Mapped {/sensor-readings, POST} route","timestamp":"2025-12-05 21:01:39"}
{"context":"RouterExplorer","level":"info","message":"Mapped {/sensor-readings/plant/:plantId, GET} route","timestamp":"2025-12-05 21:01:39"}
{"context":"RouterExplorer","level":"info","message":"Mapped {/sensor-readings/plant/:plantId/latest, GET} route","timestamp":"2025-12-05 21:01:39"}
{"context":"RouterExplorer","level":"info","message":"Mapped {/sensor-readings/plant/:plantId/daily, GET} route","timestamp":"2025-12-05 21:01:39"}
{"context":"RoutesResolver","level":"info","message":"AdviceController {/advice}:","timestamp":"2025-12-05 21:01:39"}
{"context":"RouterExplorer","level":"info","message":"Mapped {/advice/plant/:plantId, GET} route","timestamp":"2025-12-05 21:01:39"}
{"context":"RoutesResolver","level":"info","message":"UserActionsController {/user-actions}:","timestamp":"2025-12-05 21:01:39"}
{"context":"RouterExplorer","level":"info","message":"Mapped {/user-actions/plant/:plantId, POST} route","timestamp":"2025-12-05 21:01:39"}
{"context":"RouterExplorer","level":"info","message":"Mapped {/user-actions/plant/:plantId, GET} route","timestamp":"2025-12-05 21:01:39"}
{"context":"RouterExplorer","level":"info","message":"Mapped {/user-actions/plant/:plantId/recent, GET} route","timestamp":"2025-12-05 21:01:39"}
{"context":"RouterExplorer","level":"info","message":"Mapped {/user-actions/plant/:plantId/type/:actionType, GET} route","timestamp":"2025-12-05 21:01:39"}
{"context":"RoutesResolver","level":"info","message":"HealthController {/health}:","timestamp":"2025-12-05 21:01:39"}
{"context":"RouterExplorer","level":"info","message":"Mapped {/health, GET} route","timestamp":"2025-12-05 21:01:39"}
{"context":"NestApplication","level":"info","message":"Nest application successfully started","timestamp":"2025-12-05 21:01:39"}
{"context":"NestFactory","level":"info","message":"Starting Nest application...","timestamp":"2025-12-05 21:02:04"}
{"context":"InstanceLoader","level":"info","message":"TypeOrmModule dependencies initialized","timestamp":"2025-12-05 21:02:04"}
{"context":"InstanceLoader","level":"info","message":"ConfigHostModule dependencies initialized","timestamp":"2025-12-05 21:02:04"}
{"context":"InstanceLoader","level":"info","message":"WinstonModule dependencies initialized","timestamp":"2025-12-05 21:02:04"}
{"context":"InstanceLoader","level":"info","message":"ThrottlerModule dependencies initialized","timestamp":"2025-12-05 21:02:04"}
{"context":"InstanceLoader","level":"info","message":"ConfigModule dependencies initialized","timestamp":"2025-12-05 21:02:04"}
{"context":"InstanceLoader","level":"info","message":"ConfigModule dependencies initialized","timestamp":"2025-12-05 21:02:04"}
{"context":"InstanceLoader","level":"info","message":"TerminusModule dependencies initialized","timestamp":"2025-12-05 21:02:04"}
{"context":"InstanceLoader","level":"info","message":"HealthModule dependencies initialized","timestamp":"2025-12-05 21:02:04"}
{"context":"InstanceLoader","level":"info","message":"AppModule dependencies initialized","timestamp":"2025-12-05 21:02:04"}
{"context":"InstanceLoader","level":"info","message":"TypeOrmCoreModule dependencies initialized","timestamp":"2025-12-05 21:02:04"}
{"context":"InstanceLoader","level":"info","message":"TypeOrmModule dependencies initialized","timestamp":"2025-12-05 21:02:04"}
{"context":"InstanceLoader","level":"info","message":"TypeOrmModule dependencies initialized","timestamp":"2025-12-05 21:02:04"}
{"context":"InstanceLoader","level":"info","message":"TypeOrmModule dependencies initialized","timestamp":"2025-12-05 21:02:04"}
{"context":"InstanceLoader","level":"info","message":"TypeOrmModule dependencies initialized","timestamp":"2025-12-05 21:02:04"}
{"context":"InstanceLoader","level":"info","message":"TypeOrmModule dependencies initialized","timestamp":"2025-12-05 21:02:04"}
{"context":"InstanceLoader","level":"info","message":"TypeOrmModule dependencies initialized","timestamp":"2025-12-05 21:02:04"}
{"context":"InstanceLoader","level":"info","message":"UserModule dependencies initialized","timestamp":"2025-12-05 21:02:04"}
{"context":"InstanceLoader","level":"info","message":"AuthModule dependencies initialized","timestamp":"2025-12-05 21:02:04"}
{"context":"InstanceLoader","level":"info","message":"PlantsModule dependencies initialized","timestamp":"2025-12-05 21:02:04"}
{"context":"InstanceLoader","level":"info","message":"SensorReadingsModule dependencies initialized","timestamp":"2025-12-05 21:02:04"}
{"context":"InstanceLoader","level":"info","message":"UserActionsModule dependencies initialized","timestamp":"2025-12-05 21:02:04"}
{"context":"InstanceLoader","level":"info","message":"AdviceModule dependencies initialized","timestamp":"2025-12-05 21:02:04"}
{"context":"RoutesResolver","level":"info","message":"AppController {/}:","timestamp":"2025-12-05 21:02:04"}
{"context":"RouterExplorer","level":"info","message":"Mapped {/, GET} route","timestamp":"2025-12-05 21:02:04"}
{"context":"RoutesResolver","level":"info","message":"AuthController {/auth}:","timestamp":"2025-12-05 21:02:04"}
{"context":"RouterExplorer","level":"info","message":"Mapped {/auth/register, POST} route","timestamp":"2025-12-05 21:02:04"}
{"context":"RouterExplorer","level":"info","message":"Mapped {/auth/login, POST} route","timestamp":"2025-12-05 21:02:04"}
{"context":"RouterExplorer","level":"info","message":"Mapped {/auth/forget-password, POST} route","timestamp":"2025-12-05 21:02:04"}
{"context":"RouterExplorer","level":"info","message":"Mapped {/auth/check-otp, POST} route","timestamp":"2025-12-05 21:02:04"}
{"context":"RoutesResolver","level":"info","message":"UserController {/user}:","timestamp":"2025-12-05 21:02:04"}
{"context":"RouterExplorer","level":"info","message":"Mapped {/user, POST} route","timestamp":"2025-12-05 21:02:04"}
{"context":"RouterExplorer","level":"info","message":"Mapped {/user, GET} route","timestamp":"2025-12-05 21:02:04"}
{"context":"RouterExplorer","level":"info","message":"Mapped {/user/:id, GET} route","timestamp":"2025-12-05 21:02:04"}
{"context":"RouterExplorer","level":"info","message":"Mapped {/user/:id, PATCH} route","timestamp":"2025-12-05 21:02:04"}
{"context":"RouterExplorer","level":"info","message":"Mapped {/user/:id, DELETE} route","timestamp":"2025-12-05 21:02:04"}
{"context":"RoutesResolver","level":"info","message":"PlantsController {/plants}:","timestamp":"2025-12-05 21:02:04"}
{"context":"RouterExplorer","level":"info","message":"Mapped {/plants, POST} route","timestamp":"2025-12-05 21:02:04"}
{"context":"RouterExplorer","level":"info","message":"Mapped {/plants, GET} route","timestamp":"2025-12-05 21:02:04"}
{"context":"RouterExplorer","level":"info","message":"Mapped {/plants/:id, GET} route","timestamp":"2025-12-05 21:02:04"}
{"context":"RouterExplorer","level":"info","message":"Mapped {/plants/:id/statistics, GET} route","timestamp":"2025-12-05 21:02:04"}
{"context":"RouterExplorer","level":"info","message":"Mapped {/plants/:id, PUT} route","timestamp":"2025-12-05 21:02:04"}
{"context":"RouterExplorer","level":"info","message":"Mapped {/plants/:id, DELETE} route","timestamp":"2025-12-05 21:02:04"}
{"context":"RoutesResolver","level":"info","message":"SensorReadingsController {/sensor-readings}:","timestamp":"2025-12-05 21:02:04"}
{"context":"RouterExplorer","level":"info","message":"Mapped {/sensor-readings, POST} route","timestamp":"2025-12-05 21:02:04"}
{"context":"RouterExplorer","level":"info","message":"Mapped {/sensor-readings/plant/:plantId, GET} route","timestamp":"2025-12-05 21:02:04"}
{"context":"RouterExplorer","level":"info","message":"Mapped {/sensor-readings/plant/:plantId/latest, GET} route","timestamp":"2025-12-05 21:02:04"}
{"context":"RouterExplorer","level":"info","message":"Mapped {/sensor-readings/plant/:plantId/daily, GET} route","timestamp":"2025-12-05 21:02:04"}
{"context":"RoutesResolver","level":"info","message":"AdviceController {/advice}:","timestamp":"2025-12-05 21:02:04"}
{"context":"RouterExplorer","level":"info","message":"Mapped {/advice/plant/:plantId, GET} route","timestamp":"2025-12-05 21:02:04"}
{"context":"RoutesResolver","level":"info","message":"UserActionsController {/user-actions}:","timestamp":"2025-12-05 21:02:04"}
{"context":"RouterExplorer","level":"info","message":"Mapped {/user-actions/plant/:plantId, POST} route","timestamp":"2025-12-05 21:02:04"}
{"context":"RouterExplorer","level":"info","message":"Mapped {/user-actions/plant/:plantId, GET} route","timestamp":"2025-12-05 21:02:04"}
{"context":"RouterExplorer","level":"info","message":"Mapped {/user-actions/plant/:plantId/recent, GET} route","timestamp":"2025-12-05 21:02:04"}
{"context":"RouterExplorer","level":"info","message":"Mapped {/user-actions/plant/:plantId/type/:actionType, GET} route","timestamp":"2025-12-05 21:02:04"}
{"context":"RoutesResolver","level":"info","message":"HealthController {/health}:","timestamp":"2025-12-05 21:02:04"}
{"context":"RouterExplorer","level":"info","message":"Mapped {/health, GET} route","timestamp":"2025-12-05 21:02:04"}
{"context":"NestApplication","level":"info","message":"Nest application successfully started","timestamp":"2025-12-05 21:02:04"}
{"context":"NestFactory","level":"info","message":"Starting Nest application...","timestamp":"2025-12-05 21:02:07"}
{"context":"InstanceLoader","level":"info","message":"TypeOrmModule dependencies initialized","timestamp":"2025-12-05 21:02:07"}
{"context":"InstanceLoader","level":"info","message":"ConfigHostModule dependencies initialized","timestamp":"2025-12-05 21:02:07"}
{"context":"InstanceLoader","level":"info","message":"WinstonModule dependencies initialized","timestamp":"2025-12-05 21:02:07"}
{"context":"InstanceLoader","level":"info","message":"ThrottlerModule dependencies initialized","timestamp":"2025-12-05 21:02:07"}
{"context":"InstanceLoader","level":"info","message":"ConfigModule dependencies initialized","timestamp":"2025-12-05 21:02:07"}
{"context":"InstanceLoader","level":"info","message":"ConfigModule dependencies initialized","timestamp":"2025-12-05 21:02:07"}
{"context":"InstanceLoader","level":"info","message":"TerminusModule dependencies initialized","timestamp":"2025-12-05 21:02:07"}
{"context":"InstanceLoader","level":"info","message":"HealthModule dependencies initialized","timestamp":"2025-12-05 21:02:07"}
{"context":"InstanceLoader","level":"info","message":"AppModule dependencies initialized","timestamp":"2025-12-05 21:02:07"}
{"context":"InstanceLoader","level":"info","message":"TypeOrmCoreModule dependencies initialized","timestamp":"2025-12-05 21:02:07"}
{"context":"InstanceLoader","level":"info","message":"TypeOrmModule dependencies initialized","timestamp":"2025-12-05 21:02:07"}
{"context":"InstanceLoader","level":"info","message":"TypeOrmModule dependencies initialized","timestamp":"2025-12-05 21:02:07"}
{"context":"InstanceLoader","level":"info","message":"TypeOrmModule dependencies initialized","timestamp":"2025-12-05 21:02:07"}
{"context":"InstanceLoader","level":"info","message":"TypeOrmModule dependencies initialized","timestamp":"2025-12-05 21:02:07"}
{"context":"InstanceLoader","level":"info","message":"TypeOrmModule dependencies initialized","timestamp":"2025-12-05 21:02:07"}
{"context":"InstanceLoader","level":"info","message":"TypeOrmModule dependencies initialized","timestamp":"2025-12-05 21:02:07"}
{"context":"InstanceLoader","level":"info","message":"UserModule dependencies initialized","timestamp":"2025-12-05 21:02:07"}
{"context":"InstanceLoader","level":"info","message":"AuthModule dependencies initialized","timestamp":"2025-12-05 21:02:07"}
{"context":"InstanceLoader","level":"info","message":"PlantsModule dependencies initialized","timestamp":"2025-12-05 21:02:07"}
{"context":"InstanceLoader","level":"info","message":"SensorReadingsModule dependencies initialized","timestamp":"2025-12-05 21:02:07"}
{"context":"InstanceLoader","level":"info","message":"UserActionsModule dependencies initialized","timestamp":"2025-12-05 21:02:07"}
{"context":"InstanceLoader","level":"info","message":"AdviceModule dependencies initialized","timestamp":"2025-12-05 21:02:07"}
{"context":"RoutesResolver","level":"info","message":"AppController {/}:","timestamp":"2025-12-05 21:02:07"}
{"context":"RouterExplorer","level":"info","message":"Mapped {/, GET} route","timestamp":"2025-12-05 21:02:07"}
{"context":"RoutesResolver","level":"info","message":"AuthController {/auth}:","timestamp":"2025-12-05 21:02:07"}
{"context":"RouterExplorer","level":"info","message":"Mapped {/auth/register, POST} route","timestamp":"2025-12-05 21:02:07"}
{"context":"RouterExplorer","level":"info","message":"Mapped {/auth/login, POST} route","timestamp":"2025-12-05 21:02:07"}
{"context":"RouterExplorer","level":"info","message":"Mapped {/auth/forget-password, POST} route","timestamp":"2025-12-05 21:02:07"}
{"context":"RouterExplorer","level":"info","message":"Mapped {/auth/check-otp, POST} route","timestamp":"2025-12-05 21:02:07"}
{"context":"RoutesResolver","level":"info","message":"UserController {/user}:","timestamp":"2025-12-05 21:02:07"}
{"context":"RouterExplorer","level":"info","message":"Mapped {/user, POST} route","timestamp":"2025-12-05 21:02:07"}
{"context":"RouterExplorer","level":"info","message":"Mapped {/user, GET} route","timestamp":"2025-12-05 21:02:07"}
{"context":"RouterExplorer","level":"info","message":"Mapped {/user/:id, GET} route","timestamp":"2025-12-05 21:02:07"}
{"context":"RouterExplorer","level":"info","message":"Mapped {/user/:id, PATCH} route","timestamp":"2025-12-05 21:02:07"}
{"context":"RouterExplorer","level":"info","message":"Mapped {/user/:id, DELETE} route","timestamp":"2025-12-05 21:02:07"}
{"context":"RoutesResolver","level":"info","message":"PlantsController {/plants}:","timestamp":"2025-12-05 21:02:07"}
{"context":"RouterExplorer","level":"info","message":"Mapped {/plants, POST} route","timestamp":"2025-12-05 21:02:07"}
{"context":"RouterExplorer","level":"info","message":"Mapped {/plants, GET} route","timestamp":"2025-12-05 21:02:07"}
{"context":"RouterExplorer","level":"info","message":"Mapped {/plants/:id, GET} route","timestamp":"2025-12-05 21:02:07"}
{"context":"RouterExplorer","level":"info","message":"Mapped {/plants/:id/statistics, GET} route","timestamp":"2025-12-05 21:02:07"}
{"context":"RouterExplorer","level":"info","message":"Mapped {/plants/:id, PUT} route","timestamp":"2025-12-05 21:02:07"}
{"context":"RouterExplorer","level":"info","message":"Mapped {/plants/:id, DELETE} route","timestamp":"2025-12-05 21:02:07"}
{"context":"RoutesResolver","level":"info","message":"SensorReadingsController {/sensor-readings}:","timestamp":"2025-12-05 21:02:07"}
{"context":"RouterExplorer","level":"info","message":"Mapped {/sensor-readings, POST} route","timestamp":"2025-12-05 21:02:07"}
{"context":"RouterExplorer","level":"info","message":"Mapped {/sensor-readings/plant/:plantId, GET} route","timestamp":"2025-12-05 21:02:07"}
{"context":"RouterExplorer","level":"info","message":"Mapped {/sensor-readings/plant/:plantId/latest, GET} route","timestamp":"2025-12-05 21:02:07"}
{"context":"RouterExplorer","level":"info","message":"Mapped {/sensor-readings/plant/:plantId/daily, GET} route","timestamp":"2025-12-05 21:02:07"}
{"context":"RoutesResolver","level":"info","message":"AdviceController {/advice}:","timestamp":"2025-12-05 21:02:07"}
{"context":"RouterExplorer","level":"info","message":"Mapped {/advice/plant/:plantId, GET} route","timestamp":"2025-12-05 21:02:07"}
{"context":"RoutesResolver","level":"info","message":"UserActionsController {/user-actions}:","timestamp":"2025-12-05 21:02:07"}
{"context":"RouterExplorer","level":"info","message":"Mapped {/user-actions/plant/:plantId, POST} route","timestamp":"2025-12-05 21:02:07"}
{"context":"RouterExplorer","level":"info","message":"Mapped {/user-actions/plant/:plantId, GET} route","timestamp":"2025-12-05 21:02:07"}
{"context":"RouterExplorer","level":"info","message":"Mapped {/user-actions/plant/:plantId/recent, GET} route","timestamp":"2025-12-05 21:02:07"}
{"context":"RouterExplorer","level":"info","message":"Mapped {/user-actions/plant/:plantId/type/:actionType, GET} route","timestamp":"2025-12-05 21:02:07"}
{"context":"RoutesResolver","level":"info","message":"HealthController {/health}:","timestamp":"2025-12-05 21:02:07"}
{"context":"RouterExplorer","level":"info","message":"Mapped {/health, GET} route","timestamp":"2025-12-05 21:02:07"}
{"context":"NestApplication","level":"info","message":"Nest application successfully started","timestamp":"2025-12-05 21:02:07"}
{"context":"NestFactory","level":"info","message":"Starting Nest application...","timestamp":"2025-12-05 21:02:38"}
{"context":"InstanceLoader","level":"info","message":"TypeOrmModule dependencies initialized","timestamp":"2025-12-05 21:02:38"}
{"context":"InstanceLoader","level":"info","message":"ConfigHostModule dependencies initialized","timestamp":"2025-12-05 21:02:38"}
{"context":"InstanceLoader","level":"info","message":"WinstonModule dependencies initialized","timestamp":"2025-12-05 21:02:38"}
{"context":"InstanceLoader","level":"info","message":"ThrottlerModule dependencies initialized","timestamp":"2025-12-05 21:02:38"}
{"context":"InstanceLoader","level":"info","message":"ConfigModule dependencies initialized","timestamp":"2025-12-05 21:02:38"}
{"context":"InstanceLoader","level":"info","message":"ConfigModule dependencies initialized","timestamp":"2025-12-05 21:02:38"}
{"context":"InstanceLoader","level":"info","message":"TerminusModule dependencies initialized","timestamp":"2025-12-05 21:02:38"}
{"context":"InstanceLoader","level":"info","message":"HealthModule dependencies initialized","timestamp":"2025-12-05 21:02:38"}
{"context":"InstanceLoader","level":"info","message":"AppModule dependencies initialized","timestamp":"2025-12-05 21:02:38"}
{"context":"InstanceLoader","level":"info","message":"TypeOrmCoreModule dependencies initialized","timestamp":"2025-12-05 21:02:38"}
{"context":"InstanceLoader","level":"info","message":"TypeOrmModule dependencies initialized","timestamp":"2025-12-05 21:02:38"}
{"context":"InstanceLoader","level":"info","message":"TypeOrmModule dependencies initialized","timestamp":"2025-12-05 21:02:38"}
{"context":"InstanceLoader","level":"info","message":"TypeOrmModule dependencies initialized","timestamp":"2025-12-05 21:02:38"}
{"context":"InstanceLoader","level":"info","message":"TypeOrmModule dependencies initialized","timestamp":"2025-12-05 21:02:38"}
{"context":"InstanceLoader","level":"info","message":"TypeOrmModule dependencies initialized","timestamp":"2025-12-05 21:02:38"}
{"context":"InstanceLoader","level":"info","message":"TypeOrmModule dependencies initialized","timestamp":"2025-12-05 21:02:38"}
{"context":"InstanceLoader","level":"info","message":"UserModule dependencies initialized","timestamp":"2025-12-05 21:02:38"}
{"context":"InstanceLoader","level":"info","message":"AuthModule dependencies initialized","timestamp":"2025-12-05 21:02:38"}
{"context":"InstanceLoader","level":"info","message":"PlantsModule dependencies initialized","timestamp":"2025-12-05 21:02:38"}
{"context":"InstanceLoader","level":"info","message":"SensorReadingsModule dependencies initialized","timestamp":"2025-12-05 21:02:38"}
{"context":"InstanceLoader","level":"info","message":"UserActionsModule dependencies initialized","timestamp":"2025-12-05 21:02:38"}
{"context":"InstanceLoader","level":"info","message":"AdviceModule dependencies initialized","timestamp":"2025-12-05 21:02:38"}
{"context":"RoutesResolver","level":"info","message":"AppController {/}:","timestamp":"2025-12-05 21:02:38"}
{"context":"RouterExplorer","level":"info","message":"Mapped {/, GET} route","timestamp":"2025-12-05 21:02:38"}
{"context":"RoutesResolver","level":"info","message":"AuthController {/auth}:","timestamp":"2025-12-05 21:02:38"}
{"context":"RouterExplorer","level":"info","message":"Mapped {/auth/register, POST} route","timestamp":"2025-12-05 21:02:38"}
{"context":"RouterExplorer","level":"info","message":"Mapped {/auth/login, POST} route","timestamp":"2025-12-05 21:02:38"}
{"context":"RouterExplorer","level":"info","message":"Mapped {/auth/forget-password, POST} route","timestamp":"2025-12-05 21:02:38"}
{"context":"RouterExplorer","level":"info","message":"Mapped {/auth/check-otp, POST} route","timestamp":"2025-12-05 21:02:38"}
{"context":"RoutesResolver","level":"info","message":"UserController {/user}:","timestamp":"2025-12-05 21:02:38"}
{"context":"RouterExplorer","level":"info","message":"Mapped {/user, POST} route","timestamp":"2025-12-05 21:02:38"}
{"context":"RouterExplorer","level":"info","message":"Mapped {/user, GET} route","timestamp":"2025-12-05 21:02:38"}
{"context":"RouterExplorer","level":"info","message":"Mapped {/user/:id, GET} route","timestamp":"2025-12-05 21:02:38"}
{"context":"RouterExplorer","level":"info","message":"Mapped {/user/:id, PATCH} route","timestamp":"2025-12-05 21:02:38"}
{"context":"RouterExplorer","level":"info","message":"Mapped {/user/:id, DELETE} route","timestamp":"2025-12-05 21:02:38"}
{"context":"RoutesResolver","level":"info","message":"PlantsController {/plants}:","timestamp":"2025-12-05 21:02:38"}
{"context":"RouterExplorer","level":"info","message":"Mapped {/plants, POST} route","timestamp":"2025-12-05 21:02:38"}
{"context":"RouterExplorer","level":"info","message":"Mapped {/plants, GET} route","timestamp":"2025-12-05 21:02:38"}
{"context":"RouterExplorer","level":"info","message":"Mapped {/plants/:id, GET} route","timestamp":"2025-12-05 21:02:38"}
{"context":"RouterExplorer","level":"info","message":"Mapped {/plants/:id/statistics, GET} route","timestamp":"2025-12-05 21:02:38"}
{"context":"RouterExplorer","level":"info","message":"Mapped {/plants/:id, PUT} route","timestamp":"2025-12-05 21:02:38"}
{"context":"RouterExplorer","level":"info","message":"Mapped {/plants/:id, DELETE} route","timestamp":"2025-12-05 21:02:38"}
{"context":"RoutesResolver","level":"info","message":"SensorReadingsController {/sensor-readings}:","timestamp":"2025-12-05 21:02:38"}
{"context":"RouterExplorer","level":"info","message":"Mapped {/sensor-readings, POST} route","timestamp":"2025-12-05 21:02:38"}
{"context":"RouterExplorer","level":"info","message":"Mapped {/sensor-readings/plant/:plantId, GET} route","timestamp":"2025-12-05 21:02:38"}
{"context":"RouterExplorer","level":"info","message":"Mapped {/sensor-readings/plant/:plantId/latest, GET} route","timestamp":"2025-12-05 21:02:38"}
{"context":"RouterExplorer","level":"info","message":"Mapped {/sensor-readings/plant/:plantId/daily, GET} route","timestamp":"2025-12-05 21:02:38"}
{"context":"RoutesResolver","level":"info","message":"AdviceController {/advice}:","timestamp":"2025-12-05 21:02:38"}
{"context":"RouterExplorer","level":"info","message":"Mapped {/advice/plant/:plantId, GET} route","timestamp":"2025-12-05 21:02:38"}
{"context":"RoutesResolver","level":"info","message":"UserActionsController {/user-actions}:","timestamp":"2025-12-05 21:02:38"}
{"context":"RouterExplorer","level":"info","message":"Mapped {/user-actions/plant/:plantId, POST} route","timestamp":"2025-12-05 21:02:38"}
{"context":"RouterExplorer","level":"info","message":"Mapped {/user-actions/plant/:plantId, GET} route","timestamp":"2025-12-05 21:02:38"}
{"context":"RouterExplorer","level":"info","message":"Mapped {/user-actions/plant/:plantId/recent, GET} route","timestamp":"2025-12-05 21:02:38"}
{"context":"RouterExplorer","level":"info","message":"Mapped {/user-actions/plant/:plantId/type/:actionType, GET} route","timestamp":"2025-12-05 21:02:38"}
{"context":"RoutesResolver","level":"info","message":"HealthController {/health}:","timestamp":"2025-12-05 21:02:38"}
{"context":"RouterExplorer","level":"info","message":"Mapped {/health, GET} route","timestamp":"2025-12-05 21:02:38"}
{"context":"NestApplication","level":"info","message":"Nest application successfully started","timestamp":"2025-12-05 21:02:38"}
{"context":"NestFactory","level":"info","message":"Starting Nest application...","timestamp":"2025-12-05 21:05:38"}
{"context":"InstanceLoader","level":"info","message":"TypeOrmModule dependencies initialized","timestamp":"2025-12-05 21:05:38"}
{"context":"InstanceLoader","level":"info","message":"ConfigHostModule dependencies initialized","timestamp":"2025-12-05 21:05:38"}
{"context":"InstanceLoader","level":"info","message":"WinstonModule dependencies initialized","timestamp":"2025-12-05 21:05:38"}
{"context":"InstanceLoader","level":"info","message":"ThrottlerModule dependencies initialized","timestamp":"2025-12-05 21:05:38"}
{"context":"InstanceLoader","level":"info","message":"ConfigModule dependencies initialized","timestamp":"2025-12-05 21:05:38"}
{"context":"InstanceLoader","level":"info","message":"ConfigModule dependencies initialized","timestamp":"2025-12-05 21:05:38"}
{"context":"InstanceLoader","level":"info","message":"TerminusModule dependencies initialized","timestamp":"2025-12-05 21:05:38"}
{"context":"InstanceLoader","level":"info","message":"HealthModule dependencies initialized","timestamp":"2025-12-05 21:05:38"}
{"context":"InstanceLoader","level":"info","message":"AppModule dependencies initialized","timestamp":"2025-12-05 21:05:38"}
{"context":"InstanceLoader","level":"info","message":"TypeOrmCoreModule dependencies initialized","timestamp":"2025-12-05 21:05:38"}
{"context":"InstanceLoader","level":"info","message":"TypeOrmModule dependencies initialized","timestamp":"2025-12-05 21:05:38"}
{"context":"InstanceLoader","level":"info","message":"TypeOrmModule dependencies initialized","timestamp":"2025-12-05 21:05:38"}
{"context":"InstanceLoader","level":"info","message":"TypeOrmModule dependencies initialized","timestamp":"2025-12-05 21:05:38"}
{"context":"InstanceLoader","level":"info","message":"TypeOrmModule dependencies initialized","timestamp":"2025-12-05 21:05:38"}
{"context":"InstanceLoader","level":"info","message":"TypeOrmModule dependencies initialized","timestamp":"2025-12-05 21:05:38"}
{"context":"InstanceLoader","level":"info","message":"TypeOrmModule dependencies initialized","timestamp":"2025-12-05 21:05:38"}
{"context":"InstanceLoader","level":"info","message":"UserModule dependencies initialized","timestamp":"2025-12-05 21:05:38"}
{"context":"InstanceLoader","level":"info","message":"AuthModule dependencies initialized","timestamp":"2025-12-05 21:05:38"}
{"context":"InstanceLoader","level":"info","message":"PlantsModule dependencies initialized","timestamp":"2025-12-05 21:05:38"}
{"context":"InstanceLoader","level":"info","message":"SensorReadingsModule dependencies initialized","timestamp":"2025-12-05 21:05:38"}
{"context":"InstanceLoader","level":"info","message":"UserActionsModule dependencies initialized","timestamp":"2025-12-05 21:05:38"}
{"context":"InstanceLoader","level":"info","message":"AdviceModule dependencies initialized","timestamp":"2025-12-05 21:05:38"}
{"context":"RoutesResolver","level":"info","message":"AppController {/}:","timestamp":"2025-12-05 21:05:38"}
{"context":"RouterExplorer","level":"info","message":"Mapped {/, GET} route","timestamp":"2025-12-05 21:05:38"}
{"context":"RoutesResolver","level":"info","message":"AuthController {/auth}:","timestamp":"2025-12-05 21:05:38"}
{"context":"RouterExplorer","level":"info","message":"Mapped {/auth/register, POST} route","timestamp":"2025-12-05 21:05:38"}
{"context":"RouterExplorer","level":"info","message":"Mapped {/auth/login, POST} route","timestamp":"2025-12-05 21:05:38"}
{"context":"RouterExplorer","level":"info","message":"Mapped {/auth/forget-password, POST} route","timestamp":"2025-12-05 21:05:38"}
{"context":"RouterExplorer","level":"info","message":"Mapped {/auth/check-otp, POST} route","timestamp":"2025-12-05 21:05:38"}
{"context":"RoutesResolver","level":"info","message":"UserController {/user}:","timestamp":"2025-12-05 21:05:38"}
{"context":"RouterExplorer","level":"info","message":"Mapped {/user, POST} route","timestamp":"2025-12-05 21:05:38"}
{"context":"RouterExplorer","level":"info","message":"Mapped {/user, GET} route","timestamp":"2025-12-05 21:05:38"}
{"context":"RouterExplorer","level":"info","message":"Mapped {/user/:id, GET} route","timestamp":"2025-12-05 21:05:38"}
{"context":"RouterExplorer","level":"info","message":"Mapped {/user/:id, PATCH} route","timestamp":"2025-12-05 21:05:38"}
{"context":"RouterExplorer","level":"info","message":"Mapped {/user/:id, DELETE} route","timestamp":"2025-12-05 21:05:38"}
{"context":"RoutesResolver","level":"info","message":"PlantsController {/plants}:","timestamp":"2025-12-05 21:05:38"}
{"context":"RouterExplorer","level":"info","message":"Mapped {/plants, POST} route","timestamp":"2025-12-05 21:05:38"}
{"context":"RouterExplorer","level":"info","message":"Mapped {/plants, GET} route","timestamp":"2025-12-05 21:05:38"}
{"context":"RouterExplorer","level":"info","message":"Mapped {/plants/:id, GET} route","timestamp":"2025-12-05 21:05:38"}
{"context":"RouterExplorer","level":"info","message":"Mapped {/plants/:id/statistics, GET} route","timestamp":"2025-12-05 21:05:38"}
{"context":"RouterExplorer","level":"info","message":"Mapped {/plants/:id, PUT} route","timestamp":"2025-12-05 21:05:38"}
{"context":"RouterExplorer","level":"info","message":"Mapped {/plants/:id, DELETE} route","timestamp":"2025-12-05 21:05:38"}
{"context":"RoutesResolver","level":"info","message":"SensorReadingsController {/sensor-readings}:","timestamp":"2025-12-05 21:05:38"}
{"context":"RouterExplorer","level":"info","message":"Mapped {/sensor-readings, POST} route","timestamp":"2025-12-05 21:05:38"}
{"context":"RouterExplorer","level":"info","message":"Mapped {/sensor-readings/plant/:plantId, GET} route","timestamp":"2025-12-05 21:05:38"}
{"context":"RouterExplorer","level":"info","message":"Mapped {/sensor-readings/plant/:plantId/latest, GET} route","timestamp":"2025-12-05 21:05:38"}
{"context":"RouterExplorer","level":"info","message":"Mapped {/sensor-readings/plant/:plantId/daily, GET} route","timestamp":"2025-12-05 21:05:38"}
{"context":"RoutesResolver","level":"info","message":"AdviceController {/advice}:","timestamp":"2025-12-05 21:05:38"}
{"context":"RouterExplorer","level":"info","message":"Mapped {/advice/plant/:plantId, GET} route","timestamp":"2025-12-05 21:05:38"}
{"context":"RoutesResolver","level":"info","message":"UserActionsController {/user-actions}:","timestamp":"2025-12-05 21:05:38"}
{"context":"RouterExplorer","level":"info","message":"Mapped {/user-actions/plant/:plantId, POST} route","timestamp":"2025-12-05 21:05:38"}
{"context":"RouterExplorer","level":"info","message":"Mapped {/user-actions/plant/:plantId, GET} route","timestamp":"2025-12-05 21:05:38"}
{"context":"RouterExplorer","level":"info","message":"Mapped {/user-actions/plant/:plantId/recent, GET} route","timestamp":"2025-12-05 21:05:38"}
{"context":"RouterExplorer","level":"info","message":"Mapped {/user-actions/plant/:plantId/type/:actionType, GET} route","timestamp":"2025-12-05 21:05:38"}
{"context":"RoutesResolver","level":"info","message":"HealthController {/health}:","timestamp":"2025-12-05 21:05:38"}
{"context":"RouterExplorer","level":"info","message":"Mapped {/health, GET} route","timestamp":"2025-12-05 21:05:38"}
{"context":"NestApplication","level":"info","message":"Nest application successfully started","timestamp":"2025-12-05 21:05:38"}
{"context":"NestFactory","level":"info","message":"Starting Nest application...","timestamp":"2025-12-05 21:06:06"}
{"context":"InstanceLoader","level":"info","message":"TypeOrmModule dependencies initialized","timestamp":"2025-12-05 21:06:06"}
{"context":"InstanceLoader","level":"info","message":"ConfigHostModule dependencies initialized","timestamp":"2025-12-05 21:06:06"}
{"context":"InstanceLoader","level":"info","message":"WinstonModule dependencies initialized","timestamp":"2025-12-05 21:06:06"}
{"context":"InstanceLoader","level":"info","message":"ThrottlerModule dependencies initialized","timestamp":"2025-12-05 21:06:06"}
{"context":"InstanceLoader","level":"info","message":"ConfigModule dependencies initialized","timestamp":"2025-12-05 21:06:06"}
{"context":"InstanceLoader","level":"info","message":"ConfigModule dependencies initialized","timestamp":"2025-12-05 21:06:06"}
{"context":"InstanceLoader","level":"info","message":"TerminusModule dependencies initialized","timestamp":"2025-12-05 21:06:06"}
{"context":"InstanceLoader","level":"info","message":"HealthModule dependencies initialized","timestamp":"2025-12-05 21:06:06"}
{"context":"InstanceLoader","level":"info","message":"AppModule dependencies initialized","timestamp":"2025-12-05 21:06:06"}
{"context":"InstanceLoader","level":"info","message":"TypeOrmCoreModule dependencies initialized","timestamp":"2025-12-05 21:06:06"}
{"context":"InstanceLoader","level":"info","message":"TypeOrmModule dependencies initialized","timestamp":"2025-12-05 21:06:06"}
{"context":"InstanceLoader","level":"info","message":"TypeOrmModule dependencies initialized","timestamp":"2025-12-05 21:06:06"}
{"context":"InstanceLoader","level":"info","message":"TypeOrmModule dependencies initialized","timestamp":"2025-12-05 21:06:06"}
{"context":"InstanceLoader","level":"info","message":"TypeOrmModule dependencies initialized","timestamp":"2025-12-05 21:06:06"}
{"context":"InstanceLoader","level":"info","message":"TypeOrmModule dependencies initialized","timestamp":"2025-12-05 21:06:06"}
{"context":"InstanceLoader","level":"info","message":"TypeOrmModule dependencies initialized","timestamp":"2025-12-05 21:06:06"}
{"context":"InstanceLoader","level":"info","message":"UserModule dependencies initialized","timestamp":"2025-12-05 21:06:06"}
{"context":"InstanceLoader","level":"info","message":"AuthModule dependencies initialized","timestamp":"2025-12-05 21:06:06"}
{"context":"InstanceLoader","level":"info","message":"PlantsModule dependencies initialized","timestamp":"2025-12-05 21:06:06"}
{"context":"InstanceLoader","level":"info","message":"SensorReadingsModule dependencies initialized","timestamp":"2025-12-05 21:06:06"}
{"context":"InstanceLoader","level":"info","message":"UserActionsModule dependencies initialized","timestamp":"2025-12-05 21:06:06"}
{"context":"InstanceLoader","level":"info","message":"AdviceModule dependencies initialized","timestamp":"2025-12-05 21:06:06"}
{"context":"RoutesResolver","level":"info","message":"AppController {/}:","timestamp":"2025-12-05 21:06:06"}
{"context":"RouterExplorer","level":"info","message":"Mapped {/, GET} route","timestamp":"2025-12-05 21:06:06"}
{"context":"RoutesResolver","level":"info","message":"AuthController {/auth}:","timestamp":"2025-12-05 21:06:06"}
{"context":"RouterExplorer","level":"info","message":"Mapped {/auth/register, POST} route","timestamp":"2025-12-05 21:06:06"}
{"context":"RouterExplorer","level":"info","message":"Mapped {/auth/login, POST} route","timestamp":"2025-12-05 21:06:06"}
{"context":"RouterExplorer","level":"info","message":"Mapped {/auth/forget-password, POST} route","timestamp":"2025-12-05 21:06:06"}
{"context":"RouterExplorer","level":"info","message":"Mapped {/auth/check-otp, POST} route","timestamp":"2025-12-05 21:06:06"}
{"context":"RoutesResolver","level":"info","message":"UserController {/user}:","timestamp":"2025-12-05 21:06:06"}
{"context":"RouterExplorer","level":"info","message":"Mapped {/user, POST} route","timestamp":"2025-12-05 21:06:06"}
{"context":"RouterExplorer","level":"info","message":"Mapped {/user, GET} route","timestamp":"2025-12-05 21:06:06"}
{"context":"RouterExplorer","level":"info","message":"Mapped {/user/:id, GET} route","timestamp":"2025-12-05 21:06:06"}
{"context":"RouterExplorer","level":"info","message":"Mapped {/user/:id, PATCH} route","timestamp":"2025-12-05 21:06:06"}
{"context":"RouterExplorer","level":"info","message":"Mapped {/user/:id, DELETE} route","timestamp":"2025-12-05 21:06:06"}
{"context":"RoutesResolver","level":"info","message":"PlantsController {/plants}:","timestamp":"2025-12-05 21:06:06"}
{"context":"RouterExplorer","level":"info","message":"Mapped {/plants, POST} route","timestamp":"2025-12-05 21:06:06"}
{"context":"RouterExplorer","level":"info","message":"Mapped {/plants, GET} route","timestamp":"2025-12-05 21:06:06"}
{"context":"RouterExplorer","level":"info","message":"Mapped {/plants/:id, GET} route","timestamp":"2025-12-05 21:06:06"}
{"context":"RouterExplorer","level":"info","message":"Mapped {/plants/:id/statistics, GET} route","timestamp":"2025-12-05 21:06:06"}
{"context":"RouterExplorer","level":"info","message":"Mapped {/plants/:id, PUT} route","timestamp":"2025-12-05 21:06:06"}
{"context":"RouterExplorer","level":"info","message":"Mapped {/plants/:id, DELETE} route","timestamp":"2025-12-05 21:06:06"}
{"context":"RoutesResolver","level":"info","message":"SensorReadingsController {/sensor-readings}:","timestamp":"2025-12-05 21:06:06"}
{"context":"RouterExplorer","level":"info","message":"Mapped {/sensor-readings, POST} route","timestamp":"2025-12-05 21:06:06"}
{"context":"RouterExplorer","level":"info","message":"Mapped {/sensor-readings/plant/:plantId, GET} route","timestamp":"2025-12-05 21:06:06"}
{"context":"RouterExplorer","level":"info","message":"Mapped {/sensor-readings/plant/:plantId/latest, GET} route","timestamp":"2025-12-05 21:06:06"}
{"context":"RouterExplorer","level":"info","message":"Mapped {/sensor-readings/plant/:plantId/daily, GET} route","timestamp":"2025-12-05 21:06:06"}
{"context":"RoutesResolver","level":"info","message":"AdviceController {/advice}:","timestamp":"2025-12-05 21:06:06"}
{"context":"RouterExplorer","level":"info","message":"Mapped {/advice/plant/:plantId, GET} route","timestamp":"2025-12-05 21:06:06"}
{"context":"RoutesResolver","level":"info","message":"UserActionsController {/user-actions}:","timestamp":"2025-12-05 21:06:06"}
{"context":"RouterExplorer","level":"info","message":"Mapped {/user-actions/plant/:plantId, POST} route","timestamp":"2025-12-05 21:06:06"}
{"context":"RouterExplorer","level":"info","message":"Mapped {/user-actions/plant/:plantId, GET} route","timestamp":"2025-12-05 21:06:06"}
{"context":"RouterExplorer","level":"info","message":"Mapped {/user-actions/plant/:plantId/recent, GET} route","timestamp":"2025-12-05 21:06:06"}
{"context":"RouterExplorer","level":"info","message":"Mapped {/user-actions/plant/:plantId/type/:actionType, GET} route","timestamp":"2025-12-05 21:06:06"}
{"context":"RoutesResolver","level":"info","message":"HealthController {/health}:","timestamp":"2025-12-05 21:06:06"}
{"context":"RouterExplorer","level":"info","message":"Mapped {/health, GET} route","timestamp":"2025-12-05 21:06:06"}
{"context":"NestApplication","level":"info","message":"Nest application successfully started","timestamp":"2025-12-05 21:06:06"}
{"context":"NestFactory","level":"info","message":"Starting Nest application...","timestamp":"2025-12-05 21:07:17"}
{"context":"InstanceLoader","level":"info","message":"TypeOrmModule dependencies initialized","timestamp":"2025-12-05 21:07:17"}
{"context":"InstanceLoader","level":"info","message":"ConfigHostModule dependencies initialized","timestamp":"2025-12-05 21:07:17"}
{"context":"InstanceLoader","level":"info","message":"WinstonModule dependencies initialized","timestamp":"2025-12-05 21:07:17"}
{"context":"InstanceLoader","level":"info","message":"ThrottlerModule dependencies initialized","timestamp":"2025-12-05 21:07:17"}
{"context":"InstanceLoader","level":"info","message":"ConfigModule dependencies initialized","timestamp":"2025-12-05 21:07:17"}
{"context":"InstanceLoader","level":"info","message":"ConfigModule dependencies initialized","timestamp":"2025-12-05 21:07:17"}
{"context":"InstanceLoader","level":"info","message":"TerminusModule dependencies initialized","timestamp":"2025-12-05 21:07:17"}
{"context":"InstanceLoader","level":"info","message":"HealthModule dependencies initialized","timestamp":"2025-12-05 21:07:17"}
{"context":"InstanceLoader","level":"info","message":"AppModule dependencies initialized","timestamp":"2025-12-05 21:07:17"}
{"context":"InstanceLoader","level":"info","message":"TypeOrmCoreModule dependencies initialized","timestamp":"2025-12-05 21:07:17"}
{"context":"InstanceLoader","level":"info","message":"TypeOrmModule dependencies initialized","timestamp":"2025-12-05 21:07:17"}
{"context":"InstanceLoader","level":"info","message":"TypeOrmModule dependencies initialized","timestamp":"2025-12-05 21:07:17"}
{"context":"InstanceLoader","level":"info","message":"TypeOrmModule dependencies initialized","timestamp":"2025-12-05 21:07:17"}
{"context":"InstanceLoader","level":"info","message":"TypeOrmModule dependencies initialized","timestamp":"2025-12-05 21:07:17"}
{"context":"InstanceLoader","level":"info","message":"TypeOrmModule dependencies initialized","timestamp":"2025-12-05 21:07:17"}
{"context":"InstanceLoader","level":"info","message":"TypeOrmModule dependencies initialized","timestamp":"2025-12-05 21:07:17"}
{"context":"InstanceLoader","level":"info","message":"UserModule dependencies initialized","timestamp":"2025-12-05 21:07:17"}
{"context":"InstanceLoader","level":"info","message":"AuthModule dependencies initialized","timestamp":"2025-12-05 21:07:17"}
{"context":"InstanceLoader","level":"info","message":"PlantsModule dependencies initialized","timestamp":"2025-12-05 21:07:17"}
{"context":"InstanceLoader","level":"info","message":"SensorReadingsModule dependencies initialized","timestamp":"2025-12-05 21:07:17"}
{"context":"InstanceLoader","level":"info","message":"UserActionsModule dependencies initialized","timestamp":"2025-12-05 21:07:17"}
{"context":"InstanceLoader","level":"info","message":"AdviceModule dependencies initialized","timestamp":"2025-12-05 21:07:17"}
{"context":"RoutesResolver","level":"info","message":"AppController {/}:","timestamp":"2025-12-05 21:07:17"}
{"context":"RouterExplorer","level":"info","message":"Mapped {/, GET} route","timestamp":"2025-12-05 21:07:17"}
{"context":"RoutesResolver","level":"info","message":"AuthController {/auth}:","timestamp":"2025-12-05 21:07:17"}
{"context":"RouterExplorer","level":"info","message":"Mapped {/auth/register, POST} route","timestamp":"2025-12-05 21:07:17"}
{"context":"RouterExplorer","level":"info","message":"Mapped {/auth/login, POST} route","timestamp":"2025-12-05 21:07:17"}
{"context":"RouterExplorer","level":"info","message":"Mapped {/auth/forget-password, POST} route","timestamp":"2025-12-05 21:07:17"}
{"context":"RouterExplorer","level":"info","message":"Mapped {/auth/check-otp, POST} route","timestamp":"2025-12-05 21:07:17"}
{"context":"RoutesResolver","level":"info","message":"UserController {/user}:","timestamp":"2025-12-05 21:07:17"}
{"context":"RouterExplorer","level":"info","message":"Mapped {/user, POST} route","timestamp":"2025-12-05 21:07:17"}
{"context":"RouterExplorer","level":"info","message":"Mapped {/user, GET} route","timestamp":"2025-12-05 21:07:17"}
{"context":"RouterExplorer","level":"info","message":"Mapped {/user/:id, GET} route","timestamp":"2025-12-05 21:07:17"}
{"context":"RouterExplorer","level":"info","message":"Mapped {/user/:id, PATCH} route","timestamp":"2025-12-05 21:07:17"}
{"context":"RouterExplorer","level":"info","message":"Mapped {/user/:id, DELETE} route","timestamp":"2025-12-05 21:07:17"}
{"context":"RoutesResolver","level":"info","message":"PlantsController {/plants}:","timestamp":"2025-12-05 21:07:17"}
{"context":"RouterExplorer","level":"info","message":"Mapped {/plants, POST} route","timestamp":"2025-12-05 21:07:17"}
{"context":"RouterExplorer","level":"info","message":"Mapped {/plants, GET} route","timestamp":"2025-12-05 21:07:17"}
{"context":"RouterExplorer","level":"info","message":"Mapped {/plants/:id, GET} route","timestamp":"2025-12-05 21:07:17"}
{"context":"RouterExplorer","level":"info","message":"Mapped {/plants/:id/statistics, GET} route","timestamp":"2025-12-05 21:07:17"}
{"context":"RouterExplorer","level":"info","message":"Mapped {/plants/:id, PUT} route","timestamp":"2025-12-05 21:07:17"}
{"context":"RouterExplorer","level":"info","message":"Mapped {/plants/:id, DELETE} route","timestamp":"2025-12-05 21:07:17"}
{"context":"RoutesResolver","level":"info","message":"SensorReadingsController {/sensor-readings}:","timestamp":"2025-12-05 21:07:17"}
{"context":"RouterExplorer","level":"info","message":"Mapped {/sensor-readings, POST} route","timestamp":"2025-12-05 21:07:17"}
{"context":"RouterExplorer","level":"info","message":"Mapped {/sensor-readings/plant/:plantId, GET} route","timestamp":"2025-12-05 21:07:17"}
{"context":"RouterExplorer","level":"info","message":"Mapped {/sensor-readings/plant/:plantId/latest, GET} route","timestamp":"2025-12-05 21:07:17"}
{"context":"RouterExplorer","level":"info","message":"Mapped {/sensor-readings/plant/:plantId/daily, GET} route","timestamp":"2025-12-05 21:07:17"}
{"context":"RoutesResolver","level":"info","message":"AdviceController {/advice}:","timestamp":"2025-12-05 21:07:17"}
{"context":"RouterExplorer","level":"info","message":"Mapped {/advice/plant/:plantId, GET} route","timestamp":"2025-12-05 21:07:17"}
{"context":"RoutesResolver","level":"info","message":"UserActionsController {/user-actions}:","timestamp":"2025-12-05 21:07:17"}
{"context":"RouterExplorer","level":"info","message":"Mapped {/user-actions/plant/:plantId, POST} route","timestamp":"2025-12-05 21:07:17"}
{"context":"RouterExplorer","level":"info","message":"Mapped {/user-actions/plant/:plantId, GET} route","timestamp":"2025-12-05 21:07:17"}
{"context":"RouterExplorer","level":"info","message":"Mapped {/user-actions/plant/:plantId/recent, GET} route","timestamp":"2025-12-05 21:07:17"}
{"context":"RouterExplorer","level":"info","message":"Mapped {/user-actions/plant/:plantId/type/:actionType, GET} route","timestamp":"2025-12-05 21:07:17"}
{"context":"RoutesResolver","level":"info","message":"HealthController {/health}:","timestamp":"2025-12-05 21:07:17"}
{"context":"RouterExplorer","level":"info","message":"Mapped {/health, GET} route","timestamp":"2025-12-05 21:07:17"}
{"context":"NestApplication","level":"info","message":"Nest application successfully started","timestamp":"2025-12-05 21:07:17"}
{"context":"NestFactory","level":"info","message":"Starting Nest application...","timestamp":"2025-12-05 21:10:39"}
{"context":"InstanceLoader","level":"info","message":"TypeOrmModule dependencies initialized","timestamp":"2025-12-05 21:10:39"}
{"context":"InstanceLoader","level":"info","message":"ConfigHostModule dependencies initialized","timestamp":"2025-12-05 21:10:39"}
{"context":"InstanceLoader","level":"info","message":"WinstonModule dependencies initialized","timestamp":"2025-12-05 21:10:39"}
{"context":"InstanceLoader","level":"info","message":"ThrottlerModule dependencies initialized","timestamp":"2025-12-05 21:10:39"}
{"context":"InstanceLoader","level":"info","message":"ConfigModule dependencies initialized","timestamp":"2025-12-05 21:10:39"}
{"context":"InstanceLoader","level":"info","message":"ConfigModule dependencies initialized","timestamp":"2025-12-05 21:10:39"}
{"context":"InstanceLoader","level":"info","message":"TerminusModule dependencies initialized","timestamp":"2025-12-05 21:10:39"}
{"context":"InstanceLoader","level":"info","message":"HealthModule dependencies initialized","timestamp":"2025-12-05 21:10:39"}
{"context":"InstanceLoader","level":"info","message":"AppModule dependencies initialized","timestamp":"2025-12-05 21:10:39"}
{"context":"InstanceLoader","level":"info","message":"TypeOrmCoreModule dependencies initialized","timestamp":"2025-12-05 21:10:39"}
{"context":"InstanceLoader","level":"info","message":"TypeOrmModule dependencies initialized","timestamp":"2025-12-05 21:10:39"}
{"context":"InstanceLoader","level":"info","message":"TypeOrmModule dependencies initialized","timestamp":"2025-12-05 21:10:39"}
{"context":"InstanceLoader","level":"info","message":"TypeOrmModule dependencies initialized","timestamp":"2025-12-05 21:10:39"}
{"context":"InstanceLoader","level":"info","message":"TypeOrmModule dependencies initialized","timestamp":"2025-12-05 21:10:39"}
{"context":"InstanceLoader","level":"info","message":"TypeOrmModule dependencies initialized","timestamp":"2025-12-05 21:10:39"}
{"context":"InstanceLoader","level":"info","message":"TypeOrmModule dependencies initialized","timestamp":"2025-12-05 21:10:39"}
{"context":"InstanceLoader","level":"info","message":"UserModule dependencies initialized","timestamp":"2025-12-05 21:10:39"}
{"context":"InstanceLoader","level":"info","message":"AuthModule dependencies initialized","timestamp":"2025-12-05 21:10:39"}
{"context":"InstanceLoader","level":"info","message":"PlantsModule dependencies initialized","timestamp":"2025-12-05 21:10:39"}
{"context":"InstanceLoader","level":"info","message":"SensorReadingsModule dependencies initialized","timestamp":"2025-12-05 21:10:39"}
{"context":"InstanceLoader","level":"info","message":"UserActionsModule dependencies initialized","timestamp":"2025-12-05 21:10:39"}
{"context":"InstanceLoader","level":"info","message":"AdviceModule dependencies initialized","timestamp":"2025-12-05 21:10:39"}
{"context":"RoutesResolver","level":"info","message":"AppController {/}:","timestamp":"2025-12-05 21:10:39"}
{"context":"RouterExplorer","level":"info","message":"Mapped {/, GET} route","timestamp":"2025-12-05 21:10:39"}
{"context":"RoutesResolver","level":"info","message":"AuthController {/auth}:","timestamp":"2025-12-05 21:10:39"}
{"context":"RouterExplorer","level":"info","message":"Mapped {/auth/register, POST} route","timestamp":"2025-12-05 21:10:39"}
{"context":"RouterExplorer","level":"info","message":"Mapped {/auth/login, POST} route","timestamp":"2025-12-05 21:10:39"}
{"context":"RouterExplorer","level":"info","message":"Mapped {/auth/forget-password, POST} route","timestamp":"2025-12-05 21:10:39"}
{"context":"RouterExplorer","level":"info","message":"Mapped {/auth/check-otp, POST} route","timestamp":"2025-12-05 21:10:39"}
{"context":"RoutesResolver","level":"info","message":"UserController {/user}:","timestamp":"2025-12-05 21:10:39"}
{"context":"RouterExplorer","level":"info","message":"Mapped {/user, POST} route","timestamp":"2025-12-05 21:10:39"}
{"context":"RouterExplorer","level":"info","message":"Mapped {/user, GET} route","timestamp":"2025-12-05 21:10:39"}
{"context":"RouterExplorer","level":"info","message":"Mapped {/user/:id, GET} route","timestamp":"2025-12-05 21:10:39"}
{"context":"RouterExplorer","level":"info","message":"Mapped {/user/:id, PATCH} route","timestamp":"2025-12-05 21:10:39"}
{"context":"RouterExplorer","level":"info","message":"Mapped {/user/:id, DELETE} route","timestamp":"2025-12-05 21:10:39"}
{"context":"RoutesResolver","level":"info","message":"PlantsController {/plants}:","timestamp":"2025-12-05 21:10:39"}
{"context":"RouterExplorer","level":"info","message":"Mapped {/plants, POST} route","timestamp":"2025-12-05 21:10:39"}
{"context":"RouterExplorer","level":"info","message":"Mapped {/plants, GET} route","timestamp":"2025-12-05 21:10:39"}
{"context":"RouterExplorer","level":"info","message":"Mapped {/plants/:id, GET} route","timestamp":"2025-12-05 21:10:39"}
{"context":"RouterExplorer","level":"info","message":"Mapped {/plants/:id/statistics, GET} route","timestamp":"2025-12-05 21:10:39"}
{"context":"RouterExplorer","level":"info","message":"Mapped {/plants/:id, PUT} route","timestamp":"2025-12-05 21:10:39"}
{"context":"RouterExplorer","level":"info","message":"Mapped {/plants/:id, DELETE} route","timestamp":"2025-12-05 21:10:39"}
{"context":"RoutesResolver","level":"info","message":"SensorReadingsController {/sensor-readings}:","timestamp":"2025-12-05 21:10:39"}
{"context":"RouterExplorer","level":"info","message":"Mapped {/sensor-readings, POST} route","timestamp":"2025-12-05 21:10:39"}
{"context":"RouterExplorer","level":"info","message":"Mapped {/sensor-readings/plant/:plantId, GET} route","timestamp":"2025-12-05 21:10:39"}
{"context":"RouterExplorer","level":"info","message":"Mapped {/sensor-readings/plant/:plantId/latest, GET} route","timestamp":"2025-12-05 21:10:39"}
{"context":"RouterExplorer","level":"info","message":"Mapped {/sensor-readings/plant/:plantId/daily, GET} route","timestamp":"2025-12-05 21:10:39"}
{"context":"RoutesResolver","level":"info","message":"AdviceController {/advice}:","timestamp":"2025-12-05 21:10:39"}
{"context":"RouterExplorer","level":"info","message":"Mapped {/advice/plant/:plantId, GET} route","timestamp":"2025-12-05 21:10:39"}
{"context":"RoutesResolver","level":"info","message":"UserActionsController {/user-actions}:","timestamp":"2025-12-05 21:10:39"}
{"context":"RouterExplorer","level":"info","message":"Mapped {/user-actions/plant/:plantId, POST} route","timestamp":"2025-12-05 21:10:39"}
{"context":"RouterExplorer","level":"info","message":"Mapped {/user-actions/plant/:plantId, GET} route","timestamp":"2025-12-05 21:10:39"}
{"context":"RouterExplorer","level":"info","message":"Mapped {/user-actions/plant/:plantId/recent, GET} route","timestamp":"2025-12-05 21:10:39"}
{"context":"RouterExplorer","level":"info","message":"Mapped {/user-actions/plant/:plantId/type/:actionType, GET} route","timestamp":"2025-12-05 21:10:39"}
{"context":"RoutesResolver","level":"info","message":"HealthController {/health}:","timestamp":"2025-12-05 21:10:39"}
{"context":"RouterExplorer","level":"info","message":"Mapped {/health, GET} route","timestamp":"2025-12-05 21:10:39"}
{"context":"NestApplication","level":"info","message":"Nest application successfully started","timestamp":"2025-12-05 21:10:39"}
{"context":"NestFactory","level":"info","message":"Starting Nest application...","timestamp":"2025-12-05 21:11:03"}
{"context":"InstanceLoader","level":"info","message":"TypeOrmModule dependencies initialized","timestamp":"2025-12-05 21:11:03"}
{"context":"InstanceLoader","level":"info","message":"ConfigHostModule dependencies initialized","timestamp":"2025-12-05 21:11:03"}
{"context":"InstanceLoader","level":"info","message":"WinstonModule dependencies initialized","timestamp":"2025-12-05 21:11:03"}
{"context":"InstanceLoader","level":"info","message":"ThrottlerModule dependencies initialized","timestamp":"2025-12-05 21:11:03"}
{"context":"InstanceLoader","level":"info","message":"ConfigModule dependencies initialized","timestamp":"2025-12-05 21:11:03"}
{"context":"InstanceLoader","level":"info","message":"ConfigModule dependencies initialized","timestamp":"2025-12-05 21:11:03"}
{"context":"InstanceLoader","level":"info","message":"TerminusModule dependencies initialized","timestamp":"2025-12-05 21:11:03"}
{"context":"InstanceLoader","level":"info","message":"HealthModule dependencies initialized","timestamp":"2025-12-05 21:11:03"}
{"context":"InstanceLoader","level":"info","message":"AppModule dependencies initialized","timestamp":"2025-12-05 21:11:03"}
{"context":"InstanceLoader","level":"info","message":"TypeOrmCoreModule dependencies initialized","timestamp":"2025-12-05 21:11:03"}
{"context":"InstanceLoader","level":"info","message":"TypeOrmModule dependencies initialized","timestamp":"2025-12-05 21:11:03"}
{"context":"InstanceLoader","level":"info","message":"TypeOrmModule dependencies initialized","timestamp":"2025-12-05 21:11:03"}
{"context":"InstanceLoader","level":"info","message":"TypeOrmModule dependencies initialized","timestamp":"2025-12-05 21:11:03"}
{"context":"InstanceLoader","level":"info","message":"TypeOrmModule dependencies initialized","timestamp":"2025-12-05 21:11:03"}
{"context":"InstanceLoader","level":"info","message":"TypeOrmModule dependencies initialized","timestamp":"2025-12-05 21:11:03"}
{"context":"InstanceLoader","level":"info","message":"TypeOrmModule dependencies initialized","timestamp":"2025-12-05 21:11:03"}
{"context":"InstanceLoader","level":"info","message":"UserModule dependencies initialized","timestamp":"2025-12-05 21:11:03"}
{"context":"InstanceLoader","level":"info","message":"AuthModule dependencies initialized","timestamp":"2025-12-05 21:11:03"}
{"context":"InstanceLoader","level":"info","message":"PlantsModule dependencies initialized","timestamp":"2025-12-05 21:11:03"}
{"context":"InstanceLoader","level":"info","message":"SensorReadingsModule dependencies initialized","timestamp":"2025-12-05 21:11:03"}
{"context":"InstanceLoader","level":"info","message":"UserActionsModule dependencies initialized","timestamp":"2025-12-05 21:11:03"}
{"context":"InstanceLoader","level":"info","message":"AdviceModule dependencies initialized","timestamp":"2025-12-05 21:11:03"}
{"context":"RoutesResolver","level":"info","message":"AppController {/}:","timestamp":"2025-12-05 21:11:03"}
{"context":"RouterExplorer","level":"info","message":"Mapped {/, GET} route","timestamp":"2025-12-05 21:11:03"}
{"context":"RoutesResolver","level":"info","message":"AuthController {/auth}:","timestamp":"2025-12-05 21:11:03"}
{"context":"RouterExplorer","level":"info","message":"Mapped {/auth/register, POST} route","timestamp":"2025-12-05 21:11:03"}
{"context":"RouterExplorer","level":"info","message":"Mapped {/auth/login, POST} route","timestamp":"2025-12-05 21:11:03"}
{"context":"RouterExplorer","level":"info","message":"Mapped {/auth/forget-password, POST} route","timestamp":"2025-12-05 21:11:03"}
{"context":"RouterExplorer","level":"info","message":"Mapped {/auth/check-otp, POST} route","timestamp":"2025-12-05 21:11:03"}
{"context":"RoutesResolver","level":"info","message":"UserController {/user}:","timestamp":"2025-12-05 21:11:03"}
{"context":"RouterExplorer","level":"info","message":"Mapped {/user, POST} route","timestamp":"2025-12-05 21:11:03"}
{"context":"RouterExplorer","level":"info","message":"Mapped {/user, GET} route","timestamp":"2025-12-05 21:11:03"}
{"context":"RouterExplorer","level":"info","message":"Mapped {/user/:id, GET} route","timestamp":"2025-12-05 21:11:03"}
{"context":"RouterExplorer","level":"info","message":"Mapped {/user/:id, PATCH} route","timestamp":"2025-12-05 21:11:03"}
{"context":"RouterExplorer","level":"info","message":"Mapped {/user/:id, DELETE} route","timestamp":"2025-12-05 21:11:03"}
{"context":"RoutesResolver","level":"info","message":"PlantsController {/plants}:","timestamp":"2025-12-05 21:11:03"}
{"context":"RouterExplorer","level":"info","message":"Mapped {/plants, POST} route","timestamp":"2025-12-05 21:11:03"}
{"context":"RouterExplorer","level":"info","message":"Mapped {/plants, GET} route","timestamp":"2025-12-05 21:11:03"}
{"context":"RouterExplorer","level":"info","message":"Mapped {/plants/:id, GET} route","timestamp":"2025-12-05 21:11:03"}
{"context":"RouterExplorer","level":"info","message":"Mapped {/plants/:id/statistics, GET} route","timestamp":"2025-12-05 21:11:03"}
{"context":"RouterExplorer","level":"info","message":"Mapped {/plants/:id, PUT} route","timestamp":"2025-12-05 21:11:03"}
{"context":"RouterExplorer","level":"info","message":"Mapped {/plants/:id, DELETE} route","timestamp":"2025-12-05 21:11:03"}
{"context":"RoutesResolver","level":"info","message":"SensorReadingsController {/sensor-readings}:","timestamp":"2025-12-05 21:11:03"}
{"context":"RouterExplorer","level":"info","message":"Mapped {/sensor-readings, POST} route","timestamp":"2025-12-05 21:11:03"}
{"context":"RouterExplorer","level":"info","message":"Mapped {/sensor-readings/plant/:plantId, GET} route","timestamp":"2025-12-05 21:11:03"}
{"context":"RouterExplorer","level":"info","message":"Mapped {/sensor-readings/plant/:plantId/latest, GET} route","timestamp":"2025-12-05 21:11:03"}
{"context":"RouterExplorer","level":"info","message":"Mapped {/sensor-readings/plant/:plantId/daily, GET} route","timestamp":"2025-12-05 21:11:03"}
{"context":"RoutesResolver","level":"info","message":"AdviceController {/advice}:","timestamp":"2025-12-05 21:11:03"}
{"context":"RouterExplorer","level":"info","message":"Mapped {/advice/plant/:plantId, GET} route","timestamp":"2025-12-05 21:11:03"}
{"context":"RoutesResolver","level":"info","message":"UserActionsController {/user-actions}:","timestamp":"2025-12-05 21:11:03"}
{"context":"RouterExplorer","level":"info","message":"Mapped {/user-actions/plant/:plantId, POST} route","timestamp":"2025-12-05 21:11:03"}
{"context":"RouterExplorer","level":"info","message":"Mapped {/user-actions/plant/:plantId, GET} route","timestamp":"2025-12-05 21:11:03"}
{"context":"RouterExplorer","level":"info","message":"Mapped {/user-actions/plant/:plantId/recent, GET} route","timestamp":"2025-12-05 21:11:03"}
{"context":"RouterExplorer","level":"info","message":"Mapped {/user-actions/plant/:plantId/type/:actionType, GET} route","timestamp":"2025-12-05 21:11:03"}
{"context":"RoutesResolver","level":"info","message":"HealthController {/health}:","timestamp":"2025-12-05 21:11:03"}
{"context":"RouterExplorer","level":"info","message":"Mapped {/health, GET} route","timestamp":"2025-12-05 21:11:03"}
{"context":"NestApplication","level":"info","message":"Nest application successfully started","timestamp":"2025-12-05 21:11:03"}
{"context":"NestFactory","level":"info","message":"Starting Nest application...","timestamp":"2025-12-05 21:11:35"}
{"context":"InstanceLoader","level":"info","message":"TypeOrmModule dependencies initialized","timestamp":"2025-12-05 21:11:35"}
{"context":"InstanceLoader","level":"info","message":"ConfigHostModule dependencies initialized","timestamp":"2025-12-05 21:11:35"}
{"context":"InstanceLoader","level":"info","message":"WinstonModule dependencies initialized","timestamp":"2025-12-05 21:11:35"}
{"context":"InstanceLoader","level":"info","message":"ThrottlerModule dependencies initialized","timestamp":"2025-12-05 21:11:35"}
{"context":"InstanceLoader","level":"info","message":"ConfigModule dependencies initialized","timestamp":"2025-12-05 21:11:35"}
{"context":"InstanceLoader","level":"info","message":"ConfigModule dependencies initialized","timestamp":"2025-12-05 21:11:35"}
{"context":"InstanceLoader","level":"info","message":"TerminusModule dependencies initialized","timestamp":"2025-12-05 21:11:35"}
{"context":"InstanceLoader","level":"info","message":"HealthModule dependencies initialized","timestamp":"2025-12-05 21:11:35"}
{"context":"InstanceLoader","level":"info","message":"AppModule dependencies initialized","timestamp":"2025-12-05 21:11:35"}
{"context":"InstanceLoader","level":"info","message":"TypeOrmCoreModule dependencies initialized","timestamp":"2025-12-05 21:11:35"}
{"context":"InstanceLoader","level":"info","message":"TypeOrmModule dependencies initialized","timestamp":"2025-12-05 21:11:35"}
{"context":"InstanceLoader","level":"info","message":"TypeOrmModule dependencies initialized","timestamp":"2025-12-05 21:11:35"}
{"context":"InstanceLoader","level":"info","message":"TypeOrmModule dependencies initialized","timestamp":"2025-12-05 21:11:35"}
{"context":"InstanceLoader","level":"info","message":"TypeOrmModule dependencies initialized","timestamp":"2025-12-05 21:11:35"}
{"context":"InstanceLoader","level":"info","message":"TypeOrmModule dependencies initialized","timestamp":"2025-12-05 21:11:35"}
{"context":"InstanceLoader","level":"info","message":"TypeOrmModule dependencies initialized","timestamp":"2025-12-05 21:11:35"}
{"context":"InstanceLoader","level":"info","message":"UserModule dependencies initialized","timestamp":"2025-12-05 21:11:35"}
{"context":"InstanceLoader","level":"info","message":"AuthModule dependencies initialized","timestamp":"2025-12-05 21:11:35"}
{"context":"InstanceLoader","level":"info","message":"PlantsModule dependencies initialized","timestamp":"2025-12-05 21:11:35"}
{"context":"InstanceLoader","level":"info","message":"SensorReadingsModule dependencies initialized","timestamp":"2025-12-05 21:11:35"}
{"context":"InstanceLoader","level":"info","message":"UserActionsModule dependencies initialized","timestamp":"2025-12-05 21:11:35"}
{"context":"InstanceLoader","level":"info","message":"AdviceModule dependencies initialized","timestamp":"2025-12-05 21:11:35"}
{"context":"RoutesResolver","level":"info","message":"AppController {/}:","timestamp":"2025-12-05 21:11:35"}
{"context":"RouterExplorer","level":"info","message":"Mapped {/, GET} route","timestamp":"2025-12-05 21:11:35"}
{"context":"RoutesResolver","level":"info","message":"AuthController {/auth}:","timestamp":"2025-12-05 21:11:35"}
{"context":"RouterExplorer","level":"info","message":"Mapped {/auth/register, POST} route","timestamp":"2025-12-05 21:11:35"}
{"context":"RouterExplorer","level":"info","message":"Mapped {/auth/login, POST} route","timestamp":"2025-12-05 21:11:35"}
{"context":"RouterExplorer","level":"info","message":"Mapped {/auth/forget-password, POST} route","timestamp":"2025-12-05 21:11:35"}
{"context":"RouterExplorer","level":"info","message":"Mapped {/auth/check-otp, POST} route","timestamp":"2025-12-05 21:11:35"}
{"context":"RoutesResolver","level":"info","message":"UserController {/user}:","timestamp":"2025-12-05 21:11:35"}
{"context":"RouterExplorer","level":"info","message":"Mapped {/user, POST} route","timestamp":"2025-12-05 21:11:35"}
{"context":"RouterExplorer","level":"info","message":"Mapped {/user, GET} route","timestamp":"2025-12-05 21:11:35"}
{"context":"RouterExplorer","level":"info","message":"Mapped {/user/:id, GET} route","timestamp":"2025-12-05 21:11:35"}
{"context":"RouterExplorer","level":"info","message":"Mapped {/user/:id, PATCH} route","timestamp":"2025-12-05 21:11:35"}
{"context":"RouterExplorer","level":"info","message":"Mapped {/user/:id, DELETE} route","timestamp":"2025-12-05 21:11:35"}
{"context":"RoutesResolver","level":"info","message":"PlantsController {/plants}:","timestamp":"2025-12-05 21:11:35"}
{"context":"RouterExplorer","level":"info","message":"Mapped {/plants, POST} route","timestamp":"2025-12-05 21:11:35"}
{"context":"RouterExplorer","level":"info","message":"Mapped {/plants, GET} route","timestamp":"2025-12-05 21:11:35"}
{"context":"RouterExplorer","level":"info","message":"Mapped {/plants/:id, GET} route","timestamp":"2025-12-05 21:11:35"}
{"context":"RouterExplorer","level":"info","message":"Mapped {/plants/:id/statistics, GET} route","timestamp":"2025-12-05 21:11:35"}
{"context":"RouterExplorer","level":"info","message":"Mapped {/plants/:id, PUT} route","timestamp":"2025-12-05 21:11:35"}
{"context":"RouterExplorer","level":"info","message":"Mapped {/plants/:id, DELETE} route","timestamp":"2025-12-05 21:11:35"}
{"context":"RoutesResolver","level":"info","message":"SensorReadingsController {/sensor-readings}:","timestamp":"2025-12-05 21:11:35"}
{"context":"RouterExplorer","level":"info","message":"Mapped {/sensor-readings, POST} route","timestamp":"2025-12-05 21:11:35"}
{"context":"RouterExplorer","level":"info","message":"Mapped {/sensor-readings/plant/:plantId, GET} route","timestamp":"2025-12-05 21:11:35"}
{"context":"RouterExplorer","level":"info","message":"Mapped {/sensor-readings/plant/:plantId/latest, GET} route","timestamp":"2025-12-05 21:11:35"}
{"context":"RouterExplorer","level":"info","message":"Mapped {/sensor-readings/plant/:plantId/daily, GET} route","timestamp":"2025-12-05 21:11:35"}
{"context":"RoutesResolver","level":"info","message":"AdviceController {/advice}:","timestamp":"2025-12-05 21:11:35"}
{"context":"RouterExplorer","level":"info","message":"Mapped {/advice/plant/:plantId, GET} route","timestamp":"2025-12-05 21:11:35"}
{"context":"RoutesResolver","level":"info","message":"UserActionsController {/user-actions}:","timestamp":"2025-12-05 21:11:35"}
{"context":"RouterExplorer","level":"info","message":"Mapped {/user-actions/plant/:plantId, POST} route","timestamp":"2025-12-05 21:11:35"}
{"context":"RouterExplorer","level":"info","message":"Mapped {/user-actions/plant/:plantId, GET} route","timestamp":"2025-12-05 21:11:35"}
{"context":"RouterExplorer","level":"info","message":"Mapped {/user-actions/plant/:plantId/recent, GET} route","timestamp":"2025-12-05 21:11:35"}
{"context":"RouterExplorer","level":"info","message":"Mapped {/user-actions/plant/:plantId/type/:actionType, GET} route","timestamp":"2025-12-05 21:11:35"}
{"context":"RoutesResolver","level":"info","message":"HealthController {/health}:","timestamp":"2025-12-05 21:11:35"}
{"context":"RouterExplorer","level":"info","message":"Mapped {/health, GET} route","timestamp":"2025-12-05 21:11:35"}
{"context":"NestApplication","level":"info","message":"Nest application successfully started","timestamp":"2025-12-05 21:11:35"}
{"context":"NestFactory","level":"info","message":"Starting Nest application...","timestamp":"2025-12-05 21:12:30"}
{"context":"InstanceLoader","level":"info","message":"TypeOrmModule dependencies initialized","timestamp":"2025-12-05 21:12:30"}
{"context":"InstanceLoader","level":"info","message":"ConfigHostModule dependencies initialized","timestamp":"2025-12-05 21:12:30"}
{"context":"InstanceLoader","level":"info","message":"WinstonModule dependencies initialized","timestamp":"2025-12-05 21:12:30"}
{"context":"InstanceLoader","level":"info","message":"ThrottlerModule dependencies initialized","timestamp":"2025-12-05 21:12:30"}
{"context":"InstanceLoader","level":"info","message":"ConfigModule dependencies initialized","timestamp":"2025-12-05 21:12:30"}
{"context":"InstanceLoader","level":"info","message":"ConfigModule dependencies initialized","timestamp":"2025-12-05 21:12:30"}
{"context":"InstanceLoader","level":"info","message":"TerminusModule dependencies initialized","timestamp":"2025-12-05 21:12:30"}
{"context":"InstanceLoader","level":"info","message":"HealthModule dependencies initialized","timestamp":"2025-12-05 21:12:30"}
{"context":"InstanceLoader","level":"info","message":"AppModule dependencies initialized","timestamp":"2025-12-05 21:12:30"}
{"context":"InstanceLoader","level":"info","message":"TypeOrmCoreModule dependencies initialized","timestamp":"2025-12-05 21:12:30"}
{"context":"InstanceLoader","level":"info","message":"TypeOrmModule dependencies initialized","timestamp":"2025-12-05 21:12:30"}
{"context":"InstanceLoader","level":"info","message":"TypeOrmModule dependencies initialized","timestamp":"2025-12-05 21:12:30"}
{"context":"InstanceLoader","level":"info","message":"TypeOrmModule dependencies initialized","timestamp":"2025-12-05 21:12:30"}
{"context":"InstanceLoader","level":"info","message":"TypeOrmModule dependencies initialized","timestamp":"2025-12-05 21:12:30"}
{"context":"InstanceLoader","level":"info","message":"TypeOrmModule dependencies initialized","timestamp":"2025-12-05 21:12:30"}
{"context":"InstanceLoader","level":"info","message":"TypeOrmModule dependencies initialized","timestamp":"2025-12-05 21:12:30"}
{"context":"InstanceLoader","level":"info","message":"UserModule dependencies initialized","timestamp":"2025-12-05 21:12:30"}
{"context":"InstanceLoader","level":"info","message":"AuthModule dependencies initialized","timestamp":"2025-12-05 21:12:30"}
{"context":"InstanceLoader","level":"info","message":"PlantsModule dependencies initialized","timestamp":"2025-12-05 21:12:30"}
{"context":"InstanceLoader","level":"info","message":"SensorReadingsModule dependencies initialized","timestamp":"2025-12-05 21:12:30"}
{"context":"InstanceLoader","level":"info","message":"UserActionsModule dependencies initialized","timestamp":"2025-12-05 21:12:30"}
{"context":"InstanceLoader","level":"info","message":"AdviceModule dependencies initialized","timestamp":"2025-12-05 21:12:30"}
{"context":"RoutesResolver","level":"info","message":"AppController {/}:","timestamp":"2025-12-05 21:12:30"}
{"context":"RouterExplorer","level":"info","message":"Mapped {/, GET} route","timestamp":"2025-12-05 21:12:30"}
{"context":"RoutesResolver","level":"info","message":"AuthController {/auth}:","timestamp":"2025-12-05 21:12:30"}
{"context":"RouterExplorer","level":"info","message":"Mapped {/auth/register, POST} route","timestamp":"2025-12-05 21:12:30"}
{"context":"RouterExplorer","level":"info","message":"Mapped {/auth/login, POST} route","timestamp":"2025-12-05 21:12:30"}
{"context":"RouterExplorer","level":"info","message":"Mapped {/auth/forget-password, POST} route","timestamp":"2025-12-05 21:12:30"}
{"context":"RouterExplorer","level":"info","message":"Mapped {/auth/check-otp, POST} route","timestamp":"2025-12-05 21:12:30"}
{"context":"RoutesResolver","level":"info","message":"UserController {/user}:","timestamp":"2025-12-05 21:12:30"}
{"context":"RouterExplorer","level":"info","message":"Mapped {/user, POST} route","timestamp":"2025-12-05 21:12:30"}
{"context":"RouterExplorer","level":"info","message":"Mapped {/user, GET} route","timestamp":"2025-12-05 21:12:30"}
{"context":"RouterExplorer","level":"info","message":"Mapped {/user/:id, GET} route","timestamp":"2025-12-05 21:12:30"}
{"context":"RouterExplorer","level":"info","message":"Mapped {/user/:id, PATCH} route","timestamp":"2025-12-05 21:12:30"}
{"context":"RouterExplorer","level":"info","message":"Mapped {/user/:id, DELETE} route","timestamp":"2025-12-05 21:12:30"}
{"context":"RoutesResolver","level":"info","message":"PlantsController {/plants}:","timestamp":"2025-12-05 21:12:30"}
{"context":"RouterExplorer","level":"info","message":"Mapped {/plants, POST} route","timestamp":"2025-12-05 21:12:30"}
{"context":"RouterExplorer","level":"info","message":"Mapped {/plants, GET} route","timestamp":"2025-12-05 21:12:30"}
{"context":"RouterExplorer","level":"info","message":"Mapped {/plants/:id, GET} route","timestamp":"2025-12-05 21:12:30"}
{"context":"RouterExplorer","level":"info","message":"Mapped {/plants/:id/statistics, GET} route","timestamp":"2025-12-05 21:12:30"}
{"context":"RouterExplorer","level":"info","message":"Mapped {/plants/:id, PUT} route","timestamp":"2025-12-05 21:12:30"}
{"context":"RouterExplorer","level":"info","message":"Mapped {/plants/:id, DELETE} route","timestamp":"2025-12-05 21:12:30"}
{"context":"RoutesResolver","level":"info","message":"SensorReadingsController {/sensor-readings}:","timestamp":"2025-12-05 21:12:30"}
{"context":"RouterExplorer","level":"info","message":"Mapped {/sensor-readings, POST} route","timestamp":"2025-12-05 21:12:30"}
{"context":"RouterExplorer","level":"info","message":"Mapped {/sensor-readings/plant/:plantId, GET} route","timestamp":"2025-12-05 21:12:30"}
{"context":"RouterExplorer","level":"info","message":"Mapped {/sensor-readings/plant/:plantId/latest, GET} route","timestamp":"2025-12-05 21:12:30"}
{"context":"RouterExplorer","level":"info","message":"Mapped {/sensor-readings/plant/:plantId/daily, GET} route","timestamp":"2025-12-05 21:12:30"}
{"context":"RoutesResolver","level":"info","message":"AdviceController {/advice}:","timestamp":"2025-12-05 21:12:30"}
{"context":"RouterExplorer","level":"info","message":"Mapped {/advice/plant/:plantId, GET} route","timestamp":"2025-12-05 21:12:30"}
{"context":"RoutesResolver","level":"info","message":"UserActionsController {/user-actions}:","timestamp":"2025-12-05 21:12:30"}
{"context":"RouterExplorer","level":"info","message":"Mapped {/user-actions/plant/:plantId, POST} route","timestamp":"2025-12-05 21:12:30"}
{"context":"RouterExplorer","level":"info","message":"Mapped {/user-actions/plant/:plantId, GET} route","timestamp":"2025-12-05 21:12:30"}
{"context":"RouterExplorer","level":"info","message":"Mapped {/user-actions/plant/:plantId/recent, GET} route","timestamp":"2025-12-05 21:12:30"}
{"context":"RouterExplorer","level":"info","message":"Mapped {/user-actions/plant/:plantId/type/:actionType, GET} route","timestamp":"2025-12-05 21:12:30"}
{"context":"RoutesResolver","level":"info","message":"HealthController {/health}:","timestamp":"2025-12-05 21:12:30"}
{"context":"RouterExplorer","level":"info","message":"Mapped {/health, GET} route","timestamp":"2025-12-05 21:12:30"}
{"context":"NestApplication","level":"info","message":"Nest application successfully started","timestamp":"2025-12-05 21:12:30"}
